#
# There is insufficient memory for the Java Runtime Environment to continue.
# Native memory allocation (mmap) failed to map 65536 bytes for Failed to commit metaspace.
# Possible reasons:
#   The system is out of physical RAM or swap space
#   The process is running with CompressedOops enabled, and the Java Heap may be blocking the growth of the native heap
# Possible solutions:
#   Reduce memory load on the system
#   Increase physical memory or swap space
#   Check if swap backing store is full
#   Decrease Java heap size (-Xmx/-Xms)
#   Decrease number of Java threads
#   Decrease Java thread stack sizes (-Xss)
#   Set larger code cache with -XX:ReservedCodeCacheSize=
#   JVM is running with Zero Based Compressed Oops mode in which the Java heap is
#     placed in the first 32GB address space. The Java Heap base address is the
#     maximum limit for the native heap growth. Please use -XX:HeapBaseMinAddress
#     to set the Java Heap base and to place the Java Heap above 32GB virtual address.
# This output file may be truncated or incomplete.
#
#  Out of Memory Error (virtualSpaceNode.cpp:110), pid=30948, tid=10616
#
# JRE version: OpenJDK Runtime Environment Corretto-20.0.2.10.1 (20.0.2.1+10) (build 20.0.2.1+10-FR)
# Java VM: OpenJDK 64-Bit Server VM Corretto-20.0.2.10.1 (20.0.2.1+10-FR, mixed mode, sharing, tiered, compressed oops, compressed class ptrs, g1 gc, windows-amd64)
# No core dump will be written. Minidumps are not enabled by default on client versions of Windows
#

---------------  S U M M A R Y ------------

Command Line: -Dfile.encoding=UTF-8 -Duser.country -Duser.language=en -Duser.variant minishop.client.Launcher

Host: 11th Gen Intel(R) Core(TM) i7-1165G7 @ 2.80GHz, 8 cores, 15G,  Windows 11 , 64 bit Build 26100 (10.0.26100.8246)
Time: Sat May  2 14:33:38 2026 GTB Daylight Time elapsed time: 0.927282 seconds (0d 0h 0m 0s)

---------------  T H R E A D  ---------------

Current thread (0x0000024cf14d82e0):  JavaThread "JavaFX Application Thread" [_thread_in_vm, id=10616, stack(0x0000007072200000,0x0000007072300000)]

Stack: [0x0000007072200000,0x0000007072300000]
Native frames: (J=compiled Java code, j=interpreted, Vv=VM code, C=native code)
V  [jvm.dll+0x6ba11a]
V  [jvm.dll+0x8968da]
V  [jvm.dll+0x898665]
V  [jvm.dll+0x898d53]
V  [jvm.dll+0x27f9ff]
V  [jvm.dll+0x89287b]
V  [jvm.dll+0x65dda6]
V  [jvm.dll+0x1e8d47]
V  [jvm.dll+0x6607a3]
V  [jvm.dll+0x66058e]
V  [jvm.dll+0x65e7be]
V  [jvm.dll+0x3c101f]
V  [jvm.dll+0x210b7b]
V  [jvm.dll+0x599176]
V  [jvm.dll+0x811533]
V  [jvm.dll+0x811614]
V  [jvm.dll+0x46a0f4]
V  [jvm.dll+0x46f688]
C  [java.dll+0x17ec]

Java frames: (J=compiled Java code, j=interpreted, Vv=VM code)
J 1013  java.lang.ClassLoader.defineClass1(Ljava/lang/ClassLoader;Ljava/lang/String;[BIILjava/security/ProtectionDomain;Ljava/lang/String;)Ljava/lang/Class; java.base@20.0.2.1 (0 bytes) @ 0x0000024ce1b668f1 [0x0000024ce1b66820+0x00000000000000d1]
J 1012 c1 java.lang.ClassLoader.defineClass(Ljava/lang/String;[BIILjava/security/ProtectionDomain;)Ljava/lang/Class; java.base@20.0.2.1 (43 bytes) @ 0x0000024cda200d64 [0x0000024cda200a00+0x0000000000000364]
J 1025 c1 java.security.SecureClassLoader.defineClass(Ljava/lang/String;[BIILjava/security/CodeSource;)Ljava/lang/Class; java.base@20.0.2.1 (16 bytes) @ 0x0000024cda2058f4 [0x0000024cda205820+0x00000000000000d4]
J 988 c1 jdk.internal.loader.BuiltinClassLoader.defineClass(Ljava/lang/String;Ljdk/internal/loader/Resource;)Ljava/lang/Class; java.base@20.0.2.1 (121 bytes) @ 0x0000024cda1eca5c [0x0000024cda1ebb00+0x0000000000000f5c]
J 992 c1 jdk.internal.loader.BuiltinClassLoader.findClassOnClassPathOrNull(Ljava/lang/String;)Ljava/lang/Class; java.base@20.0.2.1 (64 bytes) @ 0x0000024cda1f0afc [0x0000024cda1efde0+0x0000000000000d1c]
J 833 c1 jdk.internal.loader.BuiltinClassLoader.loadClassOrNull(Ljava/lang/String;Z)Ljava/lang/Class; java.base@20.0.2.1 (143 bytes) @ 0x0000024cda1a99bc [0x0000024cda1a8f40+0x0000000000000a7c]
J 854 c1 jdk.internal.loader.ClassLoaders$AppClassLoader.loadClass(Ljava/lang/String;Z)Ljava/lang/Class; java.base@20.0.2.1 (40 bytes) @ 0x0000024cda1b604c [0x0000024cda1b5e60+0x00000000000001ec]
J 847 c1 java.lang.ClassLoader.loadClass(Ljava/lang/String;)Ljava/lang/Class; java.base@20.0.2.1 (7 bytes) @ 0x0000024cda1b02b4 [0x0000024cda1b01a0+0x0000000000000114]
v  ~StubRoutines::call_stub 0x0000024ce15710e7
j  java.lang.Class.getDeclaredConstructors0(Z)[Ljava/lang/reflect/Constructor;+0 java.base@20.0.2.1
j  java.lang.Class.privateGetDeclaredConstructors(Z)[Ljava/lang/reflect/Constructor;+52 java.base@20.0.2.1
j  java.lang.Class.getConstructors()[Ljava/lang/reflect/Constructor;+20 java.base@20.0.2.1
j  com.sun.javafx.reflect.ConstructorUtil.getConstructors(Ljava/lang/Class;)[Ljava/lang/reflect/Constructor;+5
j  javafx.fxml.JavaFXBuilderFactory.scanForConstructorAnnotations(Ljava/lang/Class;)Z+1
j  javafx.fxml.JavaFXBuilderFactory.getBuilder(Ljava/lang/Class;)Ljavafx/util/Builder;+157
j  javafx.fxml.FXMLLoader$InstanceDeclarationElement.constructValue()Ljava/lang/Object;+158
j  javafx.fxml.FXMLLoader$ValueElement.processStartElement()V+6
j  javafx.fxml.FXMLLoader.processStartElement()V+8
j  javafx.fxml.FXMLLoader.loadImpl(Ljava/io/InputStream;Ljava/lang/Class;)Ljava/lang/Object;+207
j  javafx.fxml.FXMLLoader.loadImpl(Ljava/lang/Class;)Ljava/lang/Object;+31
j  javafx.fxml.FXMLLoader.load()Ljava/lang/Object;+17
j  minishop.client.MainLayoutController.showProducts()V+18
j  minishop.client.StartClient.start(Ljavafx/stage/Stage;)V+157
j  com.sun.javafx.application.LauncherImpl.lambda$launchApplication1$9(Ljava/util/concurrent/atomic/AtomicBoolean;Ljavafx/application/Application;)V+20
j  com.sun.javafx.application.LauncherImpl$$Lambda$92+0x0000024c81086e50.run()V+8
j  com.sun.javafx.application.PlatformImpl.lambda$runAndWait$12(Ljava/lang/Runnable;Ljava/util/concurrent/CountDownLatch;)V+1
j  com.sun.javafx.application.PlatformImpl$$Lambda$88+0x0000024c810837f8.run()V+8
j  com.sun.javafx.application.PlatformImpl.lambda$runLater$10(Ljava/lang/Runnable;)Ljava/lang/Void;+1
j  com.sun.javafx.application.PlatformImpl$$Lambda$90+0x0000024c81086a20.run()Ljava/lang/Object;+4
j  java.security.AccessController.executePrivileged(Ljava/security/PrivilegedAction;Ljava/security/AccessControlContext;Ljava/lang/Class;)Ljava/lang/Object;+29 java.base@20.0.2.1
j  java.security.AccessController.doPrivileged(Ljava/security/PrivilegedAction;Ljava/security/AccessControlContext;)Ljava/lang/Object;+13 java.base@20.0.2.1
j  com.sun.javafx.application.PlatformImpl.lambda$runLater$11(Ljava/lang/Runnable;Ljava/security/AccessControlContext;)V+7
j  com.sun.javafx.application.PlatformImpl$$Lambda$89+0x0000024c81083a10.run()V+8
j  com.sun.glass.ui.InvokeLaterDispatcher$Future.run()V+4
v  ~StubRoutines::call_stub 0x0000024ce15710e7
j  com.sun.glass.ui.win.WinApplication._runLoop(Ljava/lang/Runnable;)V+0
j  com.sun.glass.ui.win.WinApplication.lambda$runLoop$3(ILjava/lang/Runnable;)V+8
j  com.sun.glass.ui.win.WinApplication$$Lambda$78+0x0000024c81031788.run()V+12
j  java.lang.Thread.runWith(Ljava/lang/Object;Ljava/lang/Runnable;)V+5 java.base@20.0.2.1
j  java.lang.Thread.run()V+19 java.base@20.0.2.1
v  ~StubRoutines::call_stub 0x0000024ce15710e7

Compiled method (n/a)     949 1013     n 0       java.lang.ClassLoader::defineClass1 (native)
 total in heap  [0x0000024ce1b66690,0x0000024ce1b66dc0] = 1840
 relocation     [0x0000024ce1b667d8,0x0000024ce1b66810] = 56
 main code      [0x0000024ce1b66820,0x0000024ce1b66dbe] = 1438
 stub code      [0x0000024ce1b66dbe,0x0000024ce1b66dc0] = 2

[Constant Pool (empty)]

[MachCode]
[Entry Point]
  # {method} {0x0000024c804379e0} 'defineClass1' '(Ljava/lang/ClassLoader;Ljava/lang/String;[BIILjava/security/ProtectionDomain;Ljava/lang/String;)Ljava/lang/Class;' in 'java/lang/ClassLoader'
  # parm0:    rdx:rdx   = 'java/lang/ClassLoader'
  # parm1:    r8:r8     = 'java/lang/String'
  # parm2:    r9:r9     = '[B'
  # parm3:    rdi       = int
  # parm4:    rsi       = int
  # parm5:    rcx:rcx   = 'java/security/ProtectionDomain'
  # parm6:    [sp+0xa0]   = 'java/lang/String'  (sp of caller)
  0x0000024ce1b66820: 448b 5208 | 49bb 0000 | 0080 4c02 | 0000 4d03 | d349 3bc2 | 0f84 0600 

  0x0000024ce1b66838: ;   {runtime_call ic_miss_stub}
  0x0000024ce1b66838: 0000 e9c1 | dca6 ff90 
[Verified Entry Point]
  0x0000024ce1b66840: 8984 2400 | 80ff ff55 | 488b ec48 | 81ec 9000 | 0000 6690 | 4181 7f20 | 0100 0000 

  0x0000024ce1b6685c: ;   {runtime_call StubRoutines (2)}
  0x0000024ce1b6685c: 7405 e8dd | 7ca5 ff48 | 837d 1000 | 488d 4510 | 480f 4445 | 1048 8944 | 2440 4889 | 4c24 7048 
  0x0000024ce1b6687c: 83f9 0048 | 8d44 2470 | 480f 4444 | 2470 4889 | 4424 3848 | 8974 2430 | 4889 7c24 | 284c 894c 
  0x0000024ce1b6689c: 2458 4983 | f900 488d | 4424 5848 | 0f44 4424 | 5848 8944 | 2420 4c89 | 4424 5049 | 83f8 004c 
  0x0000024ce1b668bc: 8d4c 2450 | 4c0f 444c | 2450 4889 | 5424 4848 | 83fa 004c | 8d44 2448 | 4c0f 4444 

  0x0000024ce1b668d8: ;   {oop(a 'java/lang/Class'{0x0000000711c180c0} = 'java/lang/ClassLoader')}
  0x0000024ce1b668d8: 2448 49be | c080 c111 | 0700 0000 | 4c89 7424 | 784c 8d74 | 2478 498b | d6c5 f877 

  0x0000024ce1b668f4: ;   {internal_word}
  0x0000024ce1b668f4: 49ba f168 | b6e1 4c02 | 0000 4d89 | 97c8 0200 | 0049 89a7 | c002 0000 

  0x0000024ce1b6690c: ;   {external_word}
  0x0000024ce1b6690c: 49ba 237f | d4f9 fa7f | 0000 4180 | 3a00 0f84 | 4e00 0000 | 5241 5041 

  0x0000024ce1b66924: ;   {metadata({method} {0x0000024c804379e0} 'defineClass1' '(Ljava/lang/ClassLoader;Ljava/lang/String;[BIILjava/security/ProtectionDomain;Ljava/lang/String;)Ljava/lang/Class;' in 'java/lang/ClassLoader')}
  0x0000024ce1b66924: 5148 bad8 | 7943 804c | 0200 0049 | 8bcf 4883 | ec20 40f6 | c40f 0f84 | 1900 0000 | 4883 ec08 
  0x0000024ce1b66944: ;   {runtime_call}
  0x0000024ce1b66944: 48b8 30ef | 84f9 fa7f | 0000 ffd0 | 4883 c408 | e90c 0000 

  0x0000024ce1b66958: ;   {runtime_call}
  0x0000024ce1b66958: 0048 b830 | ef84 f9fa | 7f00 00ff | d048 83c4 | 2041 5941 | 585a 498d | 8fe0 0200 | 0041 c787 
  0x0000024ce1b66978: 7403 0000 | 0400 0000 

  0x0000024ce1b66980: ;   {runtime_call}
  0x0000024ce1b66980: 48b8 ac16 | 8ac4 fb7f | 0000 ffd0 | c5f8 7741 | c787 7403 | 0000 0500 | 0000 f083 | 4424 c000 
  0x0000024ce1b669a0: 493b af78 | 0300 000f | 870e 0000 | 0041 83bf | 7003 0000 | 000f 842b | 0000 00c5 | f877 4889 
  0x0000024ce1b669c0: 45f8 498b | cf4c 8be4 | 4883 ec20 | 4883 e4f0 

  0x0000024ce1b669d0: ;   {runtime_call}
  0x0000024ce1b669d0: 48b8 c0d4 | 51f9 fa7f | 0000 ffd0 | 498b e44d | 33e4 488b | 45f8 41c7 | 8774 0300 | 0008 0000 
  0x0000024ce1b669f0: 0041 83bf | f003 0000 | 020f 8492 

  0x0000024ce1b669fc: ;   {external_word}
  0x0000024ce1b669fc: 0300 0049 | ba23 7fd4 | f9fa 7f00 | 0041 803a | 000f 844c | 0000 0048 

  0x0000024ce1b66a14: ;   {metadata({method} {0x0000024c804379e0} 'defineClass1' '(Ljava/lang/ClassLoader;Ljava/lang/String;[BIILjava/security/ProtectionDomain;Ljava/lang/String;)Ljava/lang/Class;' in 'java/lang/ClassLoader')}
  0x0000024ce1b66a14: 8945 f848 | bad8 7943 | 804c 0200 | 0049 8bcf | 4883 ec20 | 40f6 c40f | 0f84 1900 | 0000 4883 
  0x0000024ce1b66a34: ;   {runtime_call}
  0x0000024ce1b66a34: ec08 48b8 | 30ef 84f9 | fa7f 0000 | ffd0 4883 | c408 e90c 

  0x0000024ce1b66a48: ;   {runtime_call}
  0x0000024ce1b66a48: 0000 0048 | b830 ef84 | f9fa 7f00 | 00ff d048 | 83c4 2048 | 8b45 f849 | c787 c002 | 0000 0000 
  0x0000024ce1b66a68: 0000 49c7 | 87c8 0200 | 0000 0000 | 00c5 f877 | 4885 c00f | 84ed 0200 | 00a8 010f | 84e2 0200 
  0x0000024ce1b66a88: 0048 8b40 | ff41 807f | 4000 0f84 | ce02 0000 | 4883 f800 | 0f84 c402 | 0000 498b | 4f28 4883 
  0x0000024ce1b66aa8: f900 0f84 | 1400 0000 | 4883 e908 | 4989 4f28 | 4903 4f38 | 4889 01e9 | a202 0000 | 4881 ec50 
  0x0000024ce1b66ac8: 0100 0048 | 8904 2448 | 894c 2408 | 4889 5424 | 1048 8974 | 2418 4889 | 7c24 204c | 8944 2428 
  0x0000024ce1b66ae8: 4c89 4c24 | 304c 8954 | 2438 4c89 | 5c24 40c5 | fb11 4424 | 50c5 fb11 | 4c24 58c5 | fb11 5424 
  0x0000024ce1b66b08: 60c5 fb11 | 5c24 68c5 | fb11 6424 | 70c5 fb11 | 6c24 78c5 | fb11 b424 | 8000 0000 | c5fb 11bc 
  0x0000024ce1b66b28: 2488 0000 | 00c5 7b11 | 8424 9000 | 0000 c57b | 118c 2498 | 0000 00c5 | 7b11 9424 | a000 0000 
  0x0000024ce1b66b48: c57b 119c | 24a8 0000 | 00c5 7b11 | a424 b000 | 0000 c57b | 11ac 24b8 | 0000 00c5 | 7b11 b424 
  0x0000024ce1b66b68: c000 0000 | c57b 11bc | 24c8 0000 | 0062 e1ff | 0811 4424 | 1a62 e1ff | 0811 4c24 | 1b62 e1ff 
  0x0000024ce1b66b88: 0811 5424 | 1c62 e1ff | 0811 5c24 | 1d62 e1ff | 0811 6424 | 1e62 e1ff | 0811 6c24 | 1f62 e1ff 
  0x0000024ce1b66ba8: 0811 7424 | 2062 e1ff | 0811 7c24 | 2162 61ff | 0811 4424 | 2262 61ff | 0811 4c24 | 2362 61ff 
  0x0000024ce1b66bc8: 0811 5424 | 2462 61ff | 0811 5c24 | 2562 61ff | 0811 6424 | 2662 61ff | 0811 6c24 | 2762 61ff 
  0x0000024ce1b66be8: 0811 7424 | 2862 61ff | 0811 7c24 | 2949 8bd7 | 488b c848 | 83ec 2040 | f6c4 0f0f | 8419 0000 
  0x0000024ce1b66c08: 0048 83ec 

  0x0000024ce1b66c0c: ;   {runtime_call}
  0x0000024ce1b66c0c: 0848 b800 | 2645 f9fa | 7f00 00ff | d048 83c4 | 08e9 0c00 

  0x0000024ce1b66c20: ;   {runtime_call}
  0x0000024ce1b66c20: 0000 48b8 | 0026 45f9 | fa7f 0000 | ffd0 4883 | c420 6261 | ff08 107c | 2429 6261 | ff08 1074 
  0x0000024ce1b66c40: 2428 6261 | ff08 106c | 2427 6261 | ff08 1064 | 2426 6261 | ff08 105c | 2425 6261 | ff08 1054 
  0x0000024ce1b66c60: 2424 6261 | ff08 104c | 2423 6261 | ff08 1044 | 2422 62e1 | ff08 107c | 2421 62e1 | ff08 1074 
  0x0000024ce1b66c80: 2420 62e1 | ff08 106c | 241f 62e1 | ff08 1064 | 241e 62e1 | ff08 105c | 241d 62e1 | ff08 1054 
  0x0000024ce1b66ca0: 241c 62e1 | ff08 104c | 241b 62e1 | ff08 1044 | 241a c57b | 10bc 24c8 | 0000 00c5 | 7b10 b424 
  0x0000024ce1b66cc0: c000 0000 | c57b 10ac | 24b8 0000 | 00c5 7b10 | a424 b000 | 0000 c57b | 109c 24a8 | 0000 00c5 
  0x0000024ce1b66ce0: 7b10 9424 | a000 0000 | c57b 108c | 2498 0000 | 00c5 7b10 | 8424 9000 | 0000 c5fb | 10bc 2488 
  0x0000024ce1b66d00: 0000 00c5 | fb10 b424 | 8000 0000 | c5fb 106c | 2478 c5fb | 1064 2470 | c5fb 105c | 2468 c5fb 
  0x0000024ce1b66d20: 1054 2460 | c5fb 104c | 2458 c5fb | 1044 2450 | 4c8b 5c24 | 404c 8b54 | 2438 4c8b | 4c24 304c 
  0x0000024ce1b66d40: 8b44 2428 | 488b 7c24 | 2048 8b74 | 2418 488b | 5424 1048 | 8b4c 2408 | 488b 0424 | 4881 c450 
  0x0000024ce1b66d60: 0100 00c5 | f877 e903 | 0000 0048 | 8b00 498b | 8f50 0300 | 00c7 8100 | 0100 0000 | 0000 00c9 
  0x0000024ce1b66d80: 4983 7f08 | 000f 8501 | 0000 00c3 

  0x0000024ce1b66d8c: ;   {runtime_call StubRoutines (1)}
  0x0000024ce1b66d8c: e96f a1a0 | ffc5 f877 | 4889 45f8 | 4c8b e448 | 83ec 2048 

  0x0000024ce1b66da0: ;   {runtime_call}
  0x0000024ce1b66da0: 83e4 f048 | b820 2385 | f9fa 7f00 | 00ff d049 | 8be4 4d33 | e448 8b45 | f8e9 41fc | ffff f4f4 
[/MachCode]


Compiled method (c1)     966 1012       3       java.lang.ClassLoader::defineClass (43 bytes)
 total in heap  [0x0000024cda200810,0x0000024cda201140] = 2352
 relocation     [0x0000024cda200958,0x0000024cda2009f0] = 152
 main code      [0x0000024cda200a00,0x0000024cda200e98] = 1176
 stub code      [0x0000024cda200e98,0x0000024cda200f10] = 120
 metadata       [0x0000024cda200f10,0x0000024cda200f40] = 48
 scopes data    [0x0000024cda200f40,0x0000024cda201030] = 240
 scopes pcs     [0x0000024cda201030,0x0000024cda201110] = 224
 dependencies   [0x0000024cda201110,0x0000024cda201118] = 8
 nul chk table  [0x0000024cda201118,0x0000024cda201140] = 40

[Constant Pool (empty)]

[MachCode]
[Entry Point]
  # {method} {0x0000024c80437d08} 'defineClass' '(Ljava/lang/String;[BIILjava/security/ProtectionDomain;)Ljava/lang/Class;' in 'java/lang/ClassLoader'
  # this:     rdx:rdx   = 'java/lang/ClassLoader'
  # parm0:    r8:r8     = 'java/lang/String'
  # parm1:    r9:r9     = '[B'
  # parm2:    rdi       = int
  # parm3:    rsi       = int
  # parm4:    rcx:rcx   = 'java/security/ProtectionDomain'
  #           [sp+0xc0]  (sp of caller)
  0x0000024cda200a00: 448b 5208 | 49bb 0000 | 0080 4c02 | 0000 4d03 | d34c 3bd0 

  0x0000024cda200a14: ;   {runtime_call ic_miss_stub}
  0x0000024cda200a14: 0f85 e63a | 3d07 660f | 1f44 0000 
[Verified Entry Point]
  0x0000024cda200a20: 8984 2400 | 80ff ff55 | 4881 ecb0 | 0000 0090 | 4181 7f20 | 0100 0000 

  0x0000024cda200a38: ;   {runtime_call StubRoutines (2)}
  0x0000024cda200a38: 7405 e801 | db3b 0748 | 8954 2478 

  0x0000024cda200a44: ;   {metadata(method data for {method} {0x0000024c80437d08} 'defineClass' '(Ljava/lang/String;[BIILjava/security/ProtectionDomain;)Ljava/lang/Class;' in 'java/lang/ClassLoader')}
  0x0000024cda200a44: 48bb 881d | a9f1 4c02 | 0000 8b83 | cc00 0000 | 83c0 0289 | 83cc 0000 | 0025 fe07 | 0000 83f8 
  0x0000024cda200a64: 000f 844f | 0300 0089 | b424 9400 | 0000 89bc | 2490 0000 | 004c 898c | 2488 0000 | 0048 8bda 
  0x0000024cda200a84: ;   {metadata(method data for {method} {0x0000024c80437d08} 'defineClass' '(Ljava/lang/String;[BIILjava/security/ProtectionDomain;)Ljava/lang/Class;' in 'java/lang/ClassLoader')}
  0x0000024cda200a84: 48b8 881d | a9f1 4c02 | 0000 4883 | 8010 0100 | 0001 498b | d84c 8bc3 | 4c8b c948 | 8bca 488b 
  0x0000024cda200aa4: d148 899c | 2480 0000 

  0x0000024cda200aac: ;   {optimized virtual_call}
  0x0000024cda200aac: 0066 90e8 

  0x0000024cda200ab0: ; ImmutableOopMap {[120]=Oop [128]=Oop [136]=Oop }
                      ;*invokevirtual preDefineClass {reexecute=0 rethrow=0 return_oop=0}
                      ; - java.lang.ClassLoader::defineClass@4 (line 1011)
  0x0000024cda200ab0: ac77 feff | 4889 8424 | 9800 0000 | 488b 5424 

  0x0000024cda200ac0: ;   {metadata(method data for {method} {0x0000024c80437d08} 'defineClass' '(Ljava/lang/String;[BIILjava/security/ProtectionDomain;)Ljava/lang/Class;' in 'java/lang/ClassLoader')}
  0x0000024cda200ac0: 7849 b888 | 1da9 f14c | 0200 0049 | 8380 4801 

  0x0000024cda200ad0: ;   {metadata(method data for {method} {0x0000024c80437a48} 'defineClassSourceLocation' '(Ljava/security/ProtectionDomain;)Ljava/lang/String;' in 'java/lang/ClassLoader')}
  0x0000024cda200ad0: 0000 0149 | b888 b8a8 | f14c 0200 | 0041 8b90 | cc00 0000 | 83c2 0241 | 8990 cc00 | 0000 81e2 
  0x0000024cda200af0: feff 1f00 | 83fa 000f | 84de 0200 | 0048 3b00 

  0x0000024cda200b00: ;   {metadata(method data for {method} {0x0000024c80437a48} 'defineClassSourceLocation' '(Ljava/security/ProtectionDomain;)Ljava/lang/String;' in 'java/lang/ClassLoader')}
  0x0000024cda200b00: 4c8b c048 | ba88 b8a8 | f14c 0200 | 0048 8382 | 1001 0000 | 0144 8b40 | 1049 c1e0 | 0349 83f8 
  0x0000024cda200b20: ;   {metadata(method data for {method} {0x0000024c80437a48} 'defineClassSourceLocation' '(Ljava/security/ProtectionDomain;)Ljava/lang/String;' in 'java/lang/ClassLoader')}
  0x0000024cda200b20: 0048 ba88 | b8a8 f14c | 0200 0048 | be58 0100 | 0000 0000 | 000f 850a | 0000 0048 | be48 0100 
  0x0000024cda200b40: 0000 0000 | 0048 8b3c | 3248 8d7f | 0148 893c | 320f 850f 

  0x0000024cda200b54: ;   {oop(NULL)}
  0x0000024cda200b54: 0000 0048 | bb00 0000 | 0000 0000 | 00e9 a901 | 0000 493b | 0049 8bd0 

  0x0000024cda200b6c: ;   {metadata(method data for {method} {0x0000024c80437a48} 'defineClassSourceLocation' '(Ljava/security/ProtectionDomain;)Ljava/lang/String;' in 'java/lang/ClassLoader')}
  0x0000024cda200b6c: 48be 88b8 | a8f1 4c02 | 0000 4883 | 8668 0100 | 0001 418b | 500c 48c1 | e203 4883 

  0x0000024cda200b88: ;   {metadata(method data for {method} {0x0000024c80437a48} 'defineClassSourceLocation' '(Ljava/security/ProtectionDomain;)Ljava/lang/String;' in 'java/lang/ClassLoader')}
  0x0000024cda200b88: fa00 48be | 88b8 a8f1 | 4c02 0000 | 48bf b001 | 0000 0000 | 0000 0f85 | 0a00 0000 | 48bf a001 
  0x0000024cda200ba8: 0000 0000 | 0000 488b | 1c3e 488d | 5b01 4889 | 1c3e 0f85 | 0f00 0000 

  0x0000024cda200bc0: ;   {oop(NULL)}
  0x0000024cda200bc0: 48bb 0000 | 0000 0000 | 0000 e940 

  0x0000024cda200bcc: ;   {metadata(method data for {method} {0x0000024c80437a48} 'defineClassSourceLocation' '(Ljava/security/ProtectionDomain;)Ljava/lang/String;' in 'java/lang/ClassLoader')}
  0x0000024cda200bcc: 0100 0048 | be88 b8a8 | f14c 0200 | 0048 8386 | c001 0000 | 0148 3b02 

  0x0000024cda200be4: ;   {metadata(method data for {method} {0x0000024c80437a48} 'defineClassSourceLocation' '(Ljava/security/ProtectionDomain;)Ljava/lang/String;' in 'java/lang/ClassLoader')}
  0x0000024cda200be4: 4c8b c248 | be88 b8a8 | f14c 0200 | 0048 8386 | f801 0000 

  0x0000024cda200bf8: ;   {metadata(method data for {method} {0x0000024c8001b3e0} 'toString' '()Ljava/lang/String;' in 'java/net/URL')}
  0x0000024cda200bf8: 0149 b8b8 | 239c f14c | 0200 0041 | 8bb0 cc00 | 0000 83c6 | 0241 89b0 | cc00 0000 | 81e6 feff 
  0x0000024cda200c18: 1f00 83fe | 000f 84e8 | 0100 004c 

  0x0000024cda200c24: ;   {metadata(method data for {method} {0x0000024c8001b3e0} 'toString' '()Ljava/lang/String;' in 'java/net/URL')}
  0x0000024cda200c24: 8bc2 48be | b823 9cf1 | 4c02 0000 | 4883 8610 | 0100 0001 

  0x0000024cda200c38: ;   {metadata(method data for {method} {0x0000024c8042b540} 'toExternalForm' '()Ljava/lang/String;' in 'java/net/URL')}
  0x0000024cda200c38: 49b8 4025 | 9cf1 4c02 | 0000 418b | b0cc 0000 | 0083 c602 | 4189 b0cc | 0000 0081 | e6fe ff1f 
  0x0000024cda200c58: 0083 fe00 | 0f84 ca01 | 0000 8b72 | 3848 c1e6 | 0348 3b06 

  0x0000024cda200c6c: ;   {metadata(method data for {method} {0x0000024c8042b540} 'toExternalForm' '()Ljava/lang/String;' in 'java/net/URL')}
  0x0000024cda200c6c: 4c8b c648 | bf40 259c | f14c 0200 | 0045 8b40 | 0849 ba00 | 0000 804c | 0200 004d | 03c2 4c3b 
  0x0000024cda200c8c: 8720 0100 | 0075 0d48 | 8387 2801 | 0000 01e9 | 6000 0000 | 4c3b 8730 | 0100 0075 | 0d48 8387 
  0x0000024cda200cac: 3801 0000 | 01e9 4a00 | 0000 4883 | bf20 0100 | 0000 7517 | 4c89 8720 | 0100 0048 | c787 2801 
  0x0000024cda200ccc: 0000 0100 | 0000 e929 | 0000 0048 | 83bf 3001 | 0000 0075 | 174c 8987 | 3001 0000 | 48c7 8738 
  0x0000024cda200cec: 0100 0001 | 0000 00e9 | 0800 0000 | 4883 8710 | 0100 0001 | 4c8b c248 

  0x0000024cda200d04: ;   {optimized virtual_call}
  0x0000024cda200d04: 8bd6 90e8 

  0x0000024cda200d08: ; ImmutableOopMap {[120]=Oop [128]=Oop [136]=Oop [152]=Oop }
                      ;*invokevirtual toExternalForm {reexecute=0 rethrow=0 return_oop=0}
                      ; - java.net.URL::toExternalForm@5 (line 1195)
                      ; - java.net.URL::toString@1 (line 1181)
                      ; - java.lang.ClassLoader::defineClassSourceLocation@22 (line 913)
                      ; - java.lang.ClassLoader::defineClass@12 (line 1012)
  0x0000024cda200d08: d40f ffff | 488b d848 | 8b84 2498 | 0000 008b | b424 9400 | 0000 8bbc | 2490 0000 | 004c 8b8c 
  0x0000024cda200d28: 2488 0000 | 004c 8b84 | 2480 0000 | 0048 8b54 

  0x0000024cda200d38: ;   {metadata(method data for {method} {0x0000024c80437d08} 'defineClass' '(Ljava/lang/String;[BIILjava/security/ProtectionDomain;)Ljava/lang/Class;' in 'java/lang/ClassLoader')}
  0x0000024cda200d38: 2478 48b9 | 881d a9f1 | 4c02 0000 | 4883 8180 | 0100 0001 | 4c8b da49 | 8bd3 488b | c848 891c 
  0x0000024cda200d58: 2466 0f1f 

  0x0000024cda200d5c: ;   {static_call}
  0x0000024cda200d5c: 4400 00e8 

  0x0000024cda200d60: ; ImmutableOopMap {[120]=Oop [152]=Oop }
                      ;*invokestatic defineClass1 {reexecute=0 rethrow=0 return_oop=0}
                      ; - java.lang.ClassLoader::defineClass@27 (line 1013)
  0x0000024cda200d60: dc5a 9607 | 488b 5424 

  0x0000024cda200d68: ;   {metadata(method data for {method} {0x0000024c80437d08} 'defineClass' '(Ljava/lang/String;[BIILjava/security/ProtectionDomain;)Ljava/lang/Class;' in 'java/lang/ClassLoader')}
  0x0000024cda200d68: 7849 b888 | 1da9 f14c | 0200 0049 | 8380 9001 | 0000 014c | 8bc0 4c8b | 8c24 9800 | 0000 488b 
  0x0000024cda200d88: 5424 7848 | 8984 24a0 | 0000 000f 

  0x0000024cda200d94: ;   {optimized virtual_call}
  0x0000024cda200d94: 1f40 00e8 

  0x0000024cda200d98: ; ImmutableOopMap {[160]=Oop }
                      ;*invokevirtual postDefineClass {reexecute=0 rethrow=0 return_oop=0}
                      ; - java.lang.ClassLoader::defineClass@37 (line 1014)
  0x0000024cda200d98: e4d2 feff | 488b 8424 | a000 0000 | 4881 c4b0 | 0000 005d 

  0x0000024cda200dac: ;   {poll_return}
  0x0000024cda200dac: 493b a778 | 0300 000f | 8799 0000 

  0x0000024cda200db8: ;   {metadata({method} {0x0000024c80437d08} 'defineClass' '(Ljava/lang/String;[BIILjava/security/ProtectionDomain;)Ljava/lang/Class;' in 'java/lang/ClassLoader')}
  0x0000024cda200db8: 00c3 49ba | 007d 4380 | 4c02 0000 | 4c89 5424 | 0848 c704 | 24ff ffff 

  0x0000024cda200dd0: ;   {runtime_call counter_overflow Runtime1 stub}
  0x0000024cda200dd0: ffe8 2a62 

  0x0000024cda200dd4: ; ImmutableOopMap {rdx=Oop r8=Oop r9=Oop rcx=Oop [120]=Oop }
                      ;*synchronization entry
                      ; - java.lang.ClassLoader::defineClass@-1 (line 1011)
  0x0000024cda200dd4: 4a07 e990 

  0x0000024cda200dd8: ;   {metadata({method} {0x0000024c80437a48} 'defineClassSourceLocation' '(Ljava/security/ProtectionDomain;)Ljava/lang/String;' in 'java/lang/ClassLoader')}
  0x0000024cda200dd8: fcff ff49 | ba40 7a43 | 804c 0200 | 004c 8954 | 2408 48c7 | 0424 ffff 

  0x0000024cda200df0: ;   {runtime_call counter_overflow Runtime1 stub}
  0x0000024cda200df0: ffff e809 

  0x0000024cda200df4: ; ImmutableOopMap {rax=Oop [120]=Oop [128]=Oop [136]=Oop [152]=Oop }
                      ;*synchronization entry
                      ; - java.lang.ClassLoader::defineClassSourceLocation@-1 (line 910)
                      ; - java.lang.ClassLoader::defineClass@12 (line 1012)
  0x0000024cda200df4: 624a 07e9 | 01fd ffff 

  0x0000024cda200dfc: ;   {runtime_call throw_null_pointer_exception Runtime1 stub}
  0x0000024cda200dfc: e8ff dd49 

  0x0000024cda200e00: ; ImmutableOopMap {rax=Oop [120]=Oop [128]=Oop [136]=Oop [152]=Oop }
                      ;*invokevirtual getCodeSource {reexecute=0 rethrow=0 return_oop=0}
                      ; - java.lang.ClassLoader::defineClassSourceLocation@1 (line 910)
                      ; - java.lang.ClassLoader::defineClass@12 (line 1012)
                      ;   {runtime_call throw_null_pointer_exception Runtime1 stub}
  0x0000024cda200e00: 07e8 fadd 

  0x0000024cda200e04: ; ImmutableOopMap {rax=Oop r8=Oop [120]=Oop [128]=Oop [136]=Oop [152]=Oop }
                      ;*invokevirtual getLocation {reexecute=0 rethrow=0 return_oop=0}
                      ; - java.lang.ClassLoader::defineClassSourceLocation@12 (line 912)
                      ; - java.lang.ClassLoader::defineClass@12 (line 1012)
                      ;   {runtime_call throw_null_pointer_exception Runtime1 stub}
  0x0000024cda200e04: 4907 e8f5 

  0x0000024cda200e08: ; ImmutableOopMap {rdx=Oop [120]=Oop [128]=Oop [136]=Oop [152]=Oop }
                      ;*invokevirtual toString {reexecute=0 rethrow=0 return_oop=0}
                      ; - java.lang.ClassLoader::defineClassSourceLocation@22 (line 913)
                      ; - java.lang.ClassLoader::defineClass@12 (line 1012)
                      ;   {metadata({method} {0x0000024c8001b3e0} 'toString' '()Ljava/lang/String;' in 'java/net/URL')}
  0x0000024cda200e08: dd49 0749 | bad8 b301 | 804c 0200 | 004c 8954 | 2408 48c7 | 0424 ffff 

  0x0000024cda200e20: ;   {runtime_call counter_overflow Runtime1 stub}
  0x0000024cda200e20: ffff e8d9 

  0x0000024cda200e24: ; ImmutableOopMap {rdx=Oop [120]=Oop [128]=Oop [136]=Oop [152]=Oop }
                      ;*synchronization entry
                      ; - java.net.URL::toString@-1 (line 1181)
                      ; - java.lang.ClassLoader::defineClassSourceLocation@22 (line 913)
                      ; - java.lang.ClassLoader::defineClass@12 (line 1012)
  0x0000024cda200e24: 614a 07e9 | f7fd ffff 

  0x0000024cda200e2c: ;   {metadata({method} {0x0000024c8042b540} 'toExternalForm' '()Ljava/lang/String;' in 'java/net/URL')}
  0x0000024cda200e2c: 49ba 38b5 | 4280 4c02 | 0000 4c89 | 5424 0848 | c704 24ff 

  0x0000024cda200e40: ;   {runtime_call counter_overflow Runtime1 stub}
  0x0000024cda200e40: ffff ffe8 

  0x0000024cda200e44: ; ImmutableOopMap {rdx=Oop [120]=Oop [128]=Oop [136]=Oop [152]=Oop }
                      ;*synchronization entry
                      ; - java.net.URL::toExternalForm@-1 (line 1195)
                      ; - java.net.URL::toString@1 (line 1181)
                      ; - java.lang.ClassLoader::defineClassSourceLocation@22 (line 913)
                      ; - java.lang.ClassLoader::defineClass@12 (line 1012)
  0x0000024cda200e44: b861 4a07 | e915 feff 

  0x0000024cda200e4c: ;   {runtime_call throw_null_pointer_exception Runtime1 stub}
  0x0000024cda200e4c: ffe8 aedd 

  0x0000024cda200e50: ; ImmutableOopMap {rdx=Oop rsi=Oop [120]=Oop [128]=Oop [136]=Oop [152]=Oop }
                      ;*invokevirtual toExternalForm {reexecute=0 rethrow=0 return_oop=0}
                      ; - java.net.URL::toExternalForm@5 (line 1195)
                      ; - java.net.URL::toString@1 (line 1181)
                      ; - java.lang.ClassLoader::defineClassSourceLocation@22 (line 913)
                      ; - java.lang.ClassLoader::defineClass@12 (line 1012)
                      ;   {internal_word}
  0x0000024cda200e50: 4907 49ba | ac0d 20da | 4c02 0000 | 4d89 9790 

  0x0000024cda200e60: ;   {runtime_call SafepointBlob}
  0x0000024cda200e60: 0300 00e9 | 98b8 3d07 | 498b 8728 | 0400 0049 | c787 2804 | 0000 0000 | 0000 49c7 | 8730 0400 
  0x0000024cda200e80: 0000 0000 | 0048 81c4 | b000 0000 

  0x0000024cda200e8c: ;   {runtime_call unwind_exception Runtime1 stub}
  0x0000024cda200e8c: 5de9 eeec | 4007 f4f4 | f4f4 f4f4 
[Stub Code]
  0x0000024cda200e98: ;   {no_reloc}
  0x0000024cda200e98: 0f1f 4400 

  0x0000024cda200e9c: ;   {static_stub}
  0x0000024cda200e9c: 0048 bb00 | 0000 0000 

  0x0000024cda200ea4: ;   {runtime_call}
  0x0000024cda200ea4: 0000 00e9 | fbff ffff 
[Exception Handler]
  0x0000024cda200eac: ;   {runtime_call handle_exception_from_callee Runtime1 stub}
  0x0000024cda200eac: e8cf 194a 

  0x0000024cda200eb0: ;   {external_word}
  0x0000024cda200eb0: 0748 b920 | f9ac f9fa | 7f00 0048 

  0x0000024cda200ebc: ;   {runtime_call}
  0x0000024cda200ebc: 83e4 f048 | b8f0 f073 | f9fa 7f00 | 00ff d0f4 
[Deopt Handler Code]
  0x0000024cda200ecc: ;   {section_word}
  0x0000024cda200ecc: 49ba cc0e | 20da 4c02 | 0000 4152 

  0x0000024cda200ed8: ;   {runtime_call DeoptimizationBlob}
  0x0000024cda200ed8: e9c3 cc3d 

  0x0000024cda200edc: ;   {static_stub}
  0x0000024cda200edc: 0748 bb00 | 0000 0000 

  0x0000024cda200ee4: ;   {runtime_call}
  0x0000024cda200ee4: 0000 00e9 | fbff ffff 

  0x0000024cda200eec: ;   {static_stub}
  0x0000024cda200eec: 48bb 0000 | 0000 0000 

  0x0000024cda200ef4: ;   {runtime_call}
  0x0000024cda200ef4: 0000 e9fb 

  0x0000024cda200ef8: ;   {static_stub}
  0x0000024cda200ef8: ffff ff48 | bb00 0000 | 0000 0000 

  0x0000024cda200f04: ;   {runtime_call}
  0x0000024cda200f04: 00e9 fbff | ffff f4f4 | f4f4 f4f4 
[/MachCode]


Compiled method (c1)     983 1025       3       java.security.SecureClassLoader::defineClass (16 bytes)
 total in heap  [0x0000024cda205690,0x0000024cda205a60] = 976
 relocation     [0x0000024cda2057d8,0x0000024cda205820] = 72
 main code      [0x0000024cda205820,0x0000024cda205968] = 328
 stub code      [0x0000024cda205968,0x0000024cda2059b8] = 80
 metadata       [0x0000024cda2059b8,0x0000024cda2059c0] = 8
 scopes data    [0x0000024cda2059c0,0x0000024cda205a08] = 72
 scopes pcs     [0x0000024cda205a08,0x0000024cda205a58] = 80
 dependencies   [0x0000024cda205a58,0x0000024cda205a60] = 8

[Constant Pool (empty)]

[MachCode]
[Entry Point]
  # {method} {0x0000024c8004dc48} 'defineClass' '(Ljava/lang/String;[BIILjava/security/CodeSource;)Ljava/lang/Class;' in 'java/security/SecureClassLoader'
  # this:     rdx:rdx   = 'java/security/SecureClassLoader'
  # parm0:    r8:r8     = 'java/lang/String'
  # parm1:    r9:r9     = '[B'
  # parm2:    rdi       = int
  # parm3:    rsi       = int
  # parm4:    rcx:rcx   = 'java/security/CodeSource'
  #           [sp+0x80]  (sp of caller)
  0x0000024cda205820: 448b 5208 | 49bb 0000 | 0080 4c02 | 0000 4d03 | d34c 3bd0 

  0x0000024cda205834: ;   {runtime_call ic_miss_stub}
  0x0000024cda205834: 0f85 c6ec | 3c07 660f | 1f44 0000 
[Verified Entry Point]
  0x0000024cda205840: 8984 2400 | 80ff ff55 | 4883 ec70 | 4181 7f20 | 0100 0000 

  0x0000024cda205854: ;   {runtime_call StubRoutines (2)}
  0x0000024cda205854: 7405 e8e5 

  0x0000024cda205858: ;   {metadata(method data for {method} {0x0000024c8004dc48} 'defineClass' '(Ljava/lang/String;[BIILjava/security/CodeSource;)Ljava/lang/Class;' in 'java/security/SecureClassLoader')}
  0x0000024cda205858: 8c3b 0748 | bb50 c3a8 | f14c 0200 | 008b 83cc | 0000 0083 | c002 8983 | cc00 0000 | 25fe 0700 
  0x0000024cda205878: 0083 f800 | 0f84 8500 | 0000 8974 | 245c 897c | 2458 4c89 | 4c24 504c | 8944 2448 

  0x0000024cda205894: ;   {metadata(method data for {method} {0x0000024c8004dc48} 'defineClass' '(Ljava/lang/String;[BIILjava/security/CodeSource;)Ljava/lang/Class;' in 'java/security/SecureClassLoader')}
  0x0000024cda205894: 488b da48 | b850 c3a8 | f14c 0200 | 0048 8380 | 1001 0000 | 014c 8bc1 | 488b c248 | 8bd0 4889 
  0x0000024cda2058b4: ;   {optimized virtual_call}
  0x0000024cda2058b4: 4424 40e8 

  0x0000024cda2058b8: ; ImmutableOopMap {[64]=Oop [72]=Oop [80]=Oop }
                      ;*invokevirtual getProtectionDomain {reexecute=0 rethrow=0 return_oop=0}
                      ; - java.security.SecureClassLoader::defineClass@9 (line 150)
  0x0000024cda2058b8: 646f fcff | 488b 5424 

  0x0000024cda2058c0: ;   {metadata(method data for {method} {0x0000024c8004dc48} 'defineClass' '(Ljava/lang/String;[BIILjava/security/CodeSource;)Ljava/lang/Class;' in 'java/security/SecureClassLoader')}
  0x0000024cda2058c0: 4049 b850 | c3a8 f14c | 0200 0049 | 8380 4801 | 0000 014c | 8b44 2448 | 4c8b 4c24 | 508b 7c24 
  0x0000024cda2058e0: 588b 7424 | 5c48 8bc8 | 488b 5424 

  0x0000024cda2058ec: ;   {optimized virtual_call}
  0x0000024cda2058ec: 4066 90e8 

  0x0000024cda2058f0: ; ImmutableOopMap {}
                      ;*invokevirtual defineClass {reexecute=0 rethrow=0 return_oop=0}
                      ; - java.security.SecureClassLoader::defineClass@12 (line 150)
  0x0000024cda2058f0: 2cb1 ffff | 4883 c470 

  0x0000024cda2058f8: ;   {poll_return}
  0x0000024cda2058f8: 5d49 3ba7 | 7803 0000 | 0f87 2200 

  0x0000024cda205904: ;   {metadata({method} {0x0000024c8004dc48} 'defineClass' '(Ljava/lang/String;[BIILjava/security/CodeSource;)Ljava/lang/Class;' in 'java/security/SecureClassLoader')}
  0x0000024cda205904: 0000 c349 | ba40 dc04 | 804c 0200 | 004c 8954 | 2408 48c7 | 0424 ffff 

  0x0000024cda20591c: ;   {runtime_call counter_overflow Runtime1 stub}
  0x0000024cda20591c: ffff e8dd 

  0x0000024cda205920: ; ImmutableOopMap {rdx=Oop r8=Oop r9=Oop rcx=Oop }
                      ;*synchronization entry
                      ; - java.security.SecureClassLoader::defineClass@-1 (line 150)
  0x0000024cda205920: 164a 07e9 | 5aff ffff 

  0x0000024cda205928: ;   {internal_word}
  0x0000024cda205928: 49ba f958 | 20da 4c02 | 0000 4d89 | 9790 0300 

  0x0000024cda205938: ;   {runtime_call SafepointBlob}
  0x0000024cda205938: 00e9 c26d | 3d07 498b | 8728 0400 | 0049 c787 | 2804 0000 | 0000 0000 | 49c7 8730 | 0400 0000 
  0x0000024cda205958: 0000 0048 | 83c4 705d 

  0x0000024cda205960: ;   {runtime_call unwind_exception Runtime1 stub}
  0x0000024cda205960: e91b a240 | 07f4 f4f4 
[Exception Handler]
  0x0000024cda205968: ;   {no_reloc}
  0x0000024cda205968: e813 cf49 

  0x0000024cda20596c: ;   {external_word}
  0x0000024cda20596c: 0748 b920 | f9ac f9fa | 7f00 0048 

  0x0000024cda205978: ;   {runtime_call}
  0x0000024cda205978: 83e4 f048 | b8f0 f073 | f9fa 7f00 | 00ff d0f4 
[Deopt Handler Code]
  0x0000024cda205988: ;   {section_word}
  0x0000024cda205988: 49ba 8859 | 20da 4c02 | 0000 4152 

  0x0000024cda205994: ;   {runtime_call DeoptimizationBlob}
  0x0000024cda205994: e907 823d 

  0x0000024cda205998: ;   {static_stub}
  0x0000024cda205998: 0748 bb00 | 0000 0000 

  0x0000024cda2059a0: ;   {runtime_call}
  0x0000024cda2059a0: 0000 00e9 | fbff ffff 

  0x0000024cda2059a8: ;   {static_stub}
  0x0000024cda2059a8: 48bb 0000 | 0000 0000 

  0x0000024cda2059b0: ;   {runtime_call}
  0x0000024cda2059b0: 0000 e9fb | ffff fff4 
[/MachCode]


---------------  P R O C E S S  ---------------

Threads class SMR info:
_java_thread_list=0x0000024cfa852e60, length=18, elements={
0x0000024cd1d11650, 0x0000024cf14cb2a0, 0x0000024cf14cdc00, 0x0000024cf14ce740,
0x0000024cf14cf040, 0x0000024cf14d15a0, 0x0000024cf14d8830, 0x0000024cf14e55b0,
0x0000024cf14e7db0, 0x0000024cf14d5db0, 0x0000024cf14d7840, 0x0000024cf14d92d0,
0x0000024cf5a412b0, 0x0000024cf5ba6310, 0x0000024cf14d6850, 0x0000024cf14d6da0,
0x0000024cf14d82e0, 0x0000024cf14d7d90
}

Java Threads: ( => current thread )
  0x0000024cd1d11650 JavaThread "main" [_thread_blocked, id=29352, stack(0x0000007070b00000,0x0000007070c00000)]
  0x0000024cf14cb2a0 JavaThread "Reference Handler" daemon [_thread_blocked, id=20960, stack(0x0000007071200000,0x0000007071300000)]
  0x0000024cf14cdc00 JavaThread "Finalizer" daemon [_thread_blocked, id=17656, stack(0x0000007071300000,0x0000007071400000)]
  0x0000024cf14ce740 JavaThread "Signal Dispatcher" daemon [_thread_blocked, id=6044, stack(0x0000007071400000,0x0000007071500000)]
  0x0000024cf14cf040 JavaThread "Attach Listener" daemon [_thread_blocked, id=25696, stack(0x0000007071500000,0x0000007071600000)]
  0x0000024cf14d15a0 JavaThread "Service Thread" daemon [_thread_blocked, id=22356, stack(0x0000007071600000,0x0000007071700000)]
  0x0000024cf14d8830 JavaThread "Monitor Deflation Thread" daemon [_thread_blocked, id=18900, stack(0x0000007071700000,0x0000007071800000)]
  0x0000024cf14e55b0 JavaThread "C2 CompilerThread0" daemon [_thread_in_native, id=29796, stack(0x0000007071800000,0x0000007071900000)]
  0x0000024cf14e7db0 JavaThread "C1 CompilerThread0" daemon [_thread_blocked, id=6916, stack(0x0000007071900000,0x0000007071a00000)]
  0x0000024cf14d5db0 JavaThread "Notification Thread" daemon [_thread_blocked, id=6728, stack(0x0000007071a00000,0x0000007071b00000)]
  0x0000024cf14d7840 JavaThread "Common-Cleaner" daemon [_thread_blocked, id=22156, stack(0x0000007071c00000,0x0000007071d00000)]
  0x0000024cf14d92d0 JavaThread "JavaFX-Launcher" [_thread_blocked, id=12692, stack(0x0000007071d00000,0x0000007071e00000)]
  0x0000024cf5a412b0 JavaThread "C2 CompilerThread1" daemon [_thread_blocked, id=30844, stack(0x0000007071e00000,0x0000007071f00000)]
  0x0000024cf5ba6310 JavaThread "C2 CompilerThread2" daemon [_thread_blocked, id=27000, stack(0x0000007071f00000,0x0000007072000000)]
  0x0000024cf14d6850 JavaThread "QuantumRenderer-0" daemon [_thread_blocked, id=8424, stack(0x0000007072000000,0x0000007072100000)]
  0x0000024cf14d6da0 JavaThread "InvokeLaterDispatcher" daemon [_thread_blocked, id=32224, stack(0x0000007072100000,0x0000007072200000)]
=>0x0000024cf14d82e0 JavaThread "JavaFX Application Thread" [_thread_in_vm, id=10616, stack(0x0000007072200000,0x0000007072300000)]
  0x0000024cf14d7d90 JavaThread "Thread-2" daemon [_thread_in_native, id=7660, stack(0x0000007072600000,0x0000007072700000)]

Other Threads:
  0x0000024cf14a93b0 VMThread "VM Thread" [stack: 0x0000007071100000,0x0000007071200000] [id=23416]
  0x0000024cf5984180 WatcherThread "VM Periodic Task Thread" [stack: 0x0000007071b00000,0x0000007071c00000] [id=15748]
  0x0000024cd1d82090 WorkerThread "GC Thread#0" [stack: 0x0000007070c00000,0x0000007070d00000] [id=15092]
  0x0000024cf63a70f0 WorkerThread "GC Thread#1" [stack: 0x0000007072700000,0x0000007072800000] [id=24948]
  0x0000024cf63a73c0 WorkerThread "GC Thread#2" [stack: 0x0000007072800000,0x0000007072900000] [id=32000]
  0x0000024cfa8cf830 WorkerThread "GC Thread#3" [stack: 0x0000007072900000,0x0000007072a00000] [id=16928]
  0x0000024cfa8cfb00 WorkerThread "GC Thread#4" [stack: 0x0000007072a00000,0x0000007072b00000] [id=32100]
  0x0000024cfa8cfdd0 WorkerThread "GC Thread#5" [stack: 0x0000007072b00000,0x0000007072c00000] [id=6512]
  0x0000024cfa990ec0 WorkerThread "GC Thread#6" [stack: 0x0000007072c00000,0x0000007072d00000] [id=7396]
  0x0000024cfa98fb10 WorkerThread "GC Thread#7" [stack: 0x0000007072d00000,0x0000007072e00000] [id=33676]
  0x0000024cd1d92ca0 ConcurrentGCThread "G1 Main Marker" [stack: 0x0000007070d00000,0x0000007070e00000] [id=22928]
  0x0000024cd1d951a0 WorkerThread "G1 Conc#0" [stack: 0x0000007070e00000,0x0000007070f00000] [id=26088]
  0x0000024cf13629e0 ConcurrentGCThread "G1 Refine#0" [stack: 0x0000007070f00000,0x0000007071000000] [id=27020]
  0x0000024cf1362d40 ConcurrentGCThread "G1 Service" [stack: 0x0000007071000000,0x0000007071100000] [id=16732]

Threads with active compile tasks:
C2 CompilerThread0      993 1286   !   4       com.sun.javafx.css.ParsedValueImpl::readBinary (691 bytes)

VM state: not at safepoint (normal execution)

VM Mutex/Monitor currently owned by a thread:  ([mutex/lock_event])
[0x0000024cd1d0ce70] Metaspace_lock - owner thread: 0x0000024cf14d82e0

Heap address: 0x0000000703600000, size: 4042 MB, Compressed Oops mode: Zero based, Oop shift amount: 3

CDS archive(s) mapped at: [0x0000024c80000000-0x0000024c80c60000-0x0000024c80c60000), size 12976128, SharedBaseAddress: 0x0000024c80000000, ArchiveRelocationMode: 1.
Compressed class space mapped at: 0x0000024c81000000-0x0000024cc1000000, reserved size: 1073741824
Narrow klass base: 0x0000024c80000000, Narrow klass shift: 0, Narrow klass range: 0x100000000

GC Precious Log:
 CardTable entry size: 512
 Card Set container configuration: InlinePtr #cards 4 size 8 Array Of Cards #cards 16 size 48 Howl #buckets 8 coarsen threshold 3686 Howl Bitmap #cards 512 size 80 coarsen threshold 460 Card regions per heap region 1 cards per card region 4096
 CPUs: 8 total, 8 available
 Memory: 16163M
 Large Page Support: Disabled
 NUMA Support: Disabled
 Compressed Oops: Enabled (Zero based)
 Heap Region Size: 2M
 Heap Min Capacity: 8M
 Heap Initial Capacity: 254M
 Heap Max Capacity: 4042M
 Pre-touch: Disabled
 Parallel Workers: 8
 Concurrent Workers: 2
 Concurrent Refinement Workers: 8
 Periodic GC: Disabled

Heap:
 garbage-first heap   total 260096K, used 10560K [0x0000000703600000, 0x0000000800000000)
  region size 2048K, 7 young (14336K), 2 survivors (4096K)
 Metaspace       used 9514K, committed 9856K, reserved 1114112K
  class space    used 1271K, committed 1408K, reserved 1048576K

Heap Regions: E=young(eden), S=young(survivor), O=old, HS=humongous(starts), HC=humongous(continues), CS=collection set, F=free, OA=open archive, CA=closed archive, TAMS=top-at-mark-start, PB=parsable bottom
|   0|0x0000000703600000, 0x0000000703650000, 0x0000000703800000| 15%| O|  |TAMS 0x0000000703600000| PB 0x0000000703600000| Untracked 
|   1|0x0000000703800000, 0x0000000703800000, 0x0000000703a00000|  0%| F|  |TAMS 0x0000000703800000| PB 0x0000000703800000| Untracked 
|   2|0x0000000703a00000, 0x0000000703a00000, 0x0000000703c00000|  0%| F|  |TAMS 0x0000000703a00000| PB 0x0000000703a00000| Untracked 
|   3|0x0000000703c00000, 0x0000000703c00000, 0x0000000703e00000|  0%| F|  |TAMS 0x0000000703c00000| PB 0x0000000703c00000| Untracked 
|   4|0x0000000703e00000, 0x0000000703e00000, 0x0000000704000000|  0%| F|  |TAMS 0x0000000703e00000| PB 0x0000000703e00000| Untracked 
|   5|0x0000000704000000, 0x0000000704000000, 0x0000000704200000|  0%| F|  |TAMS 0x0000000704000000| PB 0x0000000704000000| Untracked 
|   6|0x0000000704200000, 0x0000000704200000, 0x0000000704400000|  0%| F|  |TAMS 0x0000000704200000| PB 0x0000000704200000| Untracked 
|   7|0x0000000704400000, 0x0000000704400000, 0x0000000704600000|  0%| F|  |TAMS 0x0000000704400000| PB 0x0000000704400000| Untracked 
|   8|0x0000000704600000, 0x0000000704600000, 0x0000000704800000|  0%| F|  |TAMS 0x0000000704600000| PB 0x0000000704600000| Untracked 
|   9|0x0000000704800000, 0x0000000704800000, 0x0000000704a00000|  0%| F|  |TAMS 0x0000000704800000| PB 0x0000000704800000| Untracked 
|  10|0x0000000704a00000, 0x0000000704a00000, 0x0000000704c00000|  0%| F|  |TAMS 0x0000000704a00000| PB 0x0000000704a00000| Untracked 
|  11|0x0000000704c00000, 0x0000000704c00000, 0x0000000704e00000|  0%| F|  |TAMS 0x0000000704c00000| PB 0x0000000704c00000| Untracked 
|  12|0x0000000704e00000, 0x0000000704e00000, 0x0000000705000000|  0%| F|  |TAMS 0x0000000704e00000| PB 0x0000000704e00000| Untracked 
|  13|0x0000000705000000, 0x0000000705000000, 0x0000000705200000|  0%| F|  |TAMS 0x0000000705000000| PB 0x0000000705000000| Untracked 
|  14|0x0000000705200000, 0x0000000705200000, 0x0000000705400000|  0%| F|  |TAMS 0x0000000705200000| PB 0x0000000705200000| Untracked 
|  15|0x0000000705400000, 0x0000000705400000, 0x0000000705600000|  0%| F|  |TAMS 0x0000000705400000| PB 0x0000000705400000| Untracked 
|  16|0x0000000705600000, 0x0000000705600000, 0x0000000705800000|  0%| F|  |TAMS 0x0000000705600000| PB 0x0000000705600000| Untracked 
|  17|0x0000000705800000, 0x0000000705800000, 0x0000000705a00000|  0%| F|  |TAMS 0x0000000705800000| PB 0x0000000705800000| Untracked 
|  18|0x0000000705a00000, 0x0000000705a00000, 0x0000000705c00000|  0%| F|  |TAMS 0x0000000705a00000| PB 0x0000000705a00000| Untracked 
|  19|0x0000000705c00000, 0x0000000705c00000, 0x0000000705e00000|  0%| F|  |TAMS 0x0000000705c00000| PB 0x0000000705c00000| Untracked 
|  20|0x0000000705e00000, 0x0000000705e00000, 0x0000000706000000|  0%| F|  |TAMS 0x0000000705e00000| PB 0x0000000705e00000| Untracked 
|  21|0x0000000706000000, 0x0000000706000000, 0x0000000706200000|  0%| F|  |TAMS 0x0000000706000000| PB 0x0000000706000000| Untracked 
|  22|0x0000000706200000, 0x0000000706200000, 0x0000000706400000|  0%| F|  |TAMS 0x0000000706200000| PB 0x0000000706200000| Untracked 
|  23|0x0000000706400000, 0x0000000706400000, 0x0000000706600000|  0%| F|  |TAMS 0x0000000706400000| PB 0x0000000706400000| Untracked 
|  24|0x0000000706600000, 0x0000000706600000, 0x0000000706800000|  0%| F|  |TAMS 0x0000000706600000| PB 0x0000000706600000| Untracked 
|  25|0x0000000706800000, 0x0000000706800000, 0x0000000706a00000|  0%| F|  |TAMS 0x0000000706800000| PB 0x0000000706800000| Untracked 
|  26|0x0000000706a00000, 0x0000000706a00000, 0x0000000706c00000|  0%| F|  |TAMS 0x0000000706a00000| PB 0x0000000706a00000| Untracked 
|  27|0x0000000706c00000, 0x0000000706c00000, 0x0000000706e00000|  0%| F|  |TAMS 0x0000000706c00000| PB 0x0000000706c00000| Untracked 
|  28|0x0000000706e00000, 0x0000000706e00000, 0x0000000707000000|  0%| F|  |TAMS 0x0000000706e00000| PB 0x0000000706e00000| Untracked 
|  29|0x0000000707000000, 0x0000000707000000, 0x0000000707200000|  0%| F|  |TAMS 0x0000000707000000| PB 0x0000000707000000| Untracked 
|  30|0x0000000707200000, 0x0000000707200000, 0x0000000707400000|  0%| F|  |TAMS 0x0000000707200000| PB 0x0000000707200000| Untracked 
|  31|0x0000000707400000, 0x0000000707400000, 0x0000000707600000|  0%| F|  |TAMS 0x0000000707400000| PB 0x0000000707400000| Untracked 
|  32|0x0000000707600000, 0x0000000707600000, 0x0000000707800000|  0%| F|  |TAMS 0x0000000707600000| PB 0x0000000707600000| Untracked 
|  33|0x0000000707800000, 0x0000000707800000, 0x0000000707a00000|  0%| F|  |TAMS 0x0000000707800000| PB 0x0000000707800000| Untracked 
|  34|0x0000000707a00000, 0x0000000707a00000, 0x0000000707c00000|  0%| F|  |TAMS 0x0000000707a00000| PB 0x0000000707a00000| Untracked 
|  35|0x0000000707c00000, 0x0000000707c00000, 0x0000000707e00000|  0%| F|  |TAMS 0x0000000707c00000| PB 0x0000000707c00000| Untracked 
|  36|0x0000000707e00000, 0x0000000707e00000, 0x0000000708000000|  0%| F|  |TAMS 0x0000000707e00000| PB 0x0000000707e00000| Untracked 
|  37|0x0000000708000000, 0x0000000708000000, 0x0000000708200000|  0%| F|  |TAMS 0x0000000708000000| PB 0x0000000708000000| Untracked 
|  38|0x0000000708200000, 0x0000000708200000, 0x0000000708400000|  0%| F|  |TAMS 0x0000000708200000| PB 0x0000000708200000| Untracked 
|  39|0x0000000708400000, 0x0000000708400000, 0x0000000708600000|  0%| F|  |TAMS 0x0000000708400000| PB 0x0000000708400000| Untracked 
|  40|0x0000000708600000, 0x0000000708600000, 0x0000000708800000|  0%| F|  |TAMS 0x0000000708600000| PB 0x0000000708600000| Untracked 
|  41|0x0000000708800000, 0x0000000708800000, 0x0000000708a00000|  0%| F|  |TAMS 0x0000000708800000| PB 0x0000000708800000| Untracked 
|  42|0x0000000708a00000, 0x0000000708a00000, 0x0000000708c00000|  0%| F|  |TAMS 0x0000000708a00000| PB 0x0000000708a00000| Untracked 
|  43|0x0000000708c00000, 0x0000000708c00000, 0x0000000708e00000|  0%| F|  |TAMS 0x0000000708c00000| PB 0x0000000708c00000| Untracked 
|  44|0x0000000708e00000, 0x0000000708e00000, 0x0000000709000000|  0%| F|  |TAMS 0x0000000708e00000| PB 0x0000000708e00000| Untracked 
|  45|0x0000000709000000, 0x0000000709000000, 0x0000000709200000|  0%| F|  |TAMS 0x0000000709000000| PB 0x0000000709000000| Untracked 
|  46|0x0000000709200000, 0x0000000709200000, 0x0000000709400000|  0%| F|  |TAMS 0x0000000709200000| PB 0x0000000709200000| Untracked 
|  47|0x0000000709400000, 0x0000000709400000, 0x0000000709600000|  0%| F|  |TAMS 0x0000000709400000| PB 0x0000000709400000| Untracked 
|  48|0x0000000709600000, 0x0000000709600000, 0x0000000709800000|  0%| F|  |TAMS 0x0000000709600000| PB 0x0000000709600000| Untracked 
|  49|0x0000000709800000, 0x0000000709800000, 0x0000000709a00000|  0%| F|  |TAMS 0x0000000709800000| PB 0x0000000709800000| Untracked 
|  50|0x0000000709a00000, 0x0000000709a00000, 0x0000000709c00000|  0%| F|  |TAMS 0x0000000709a00000| PB 0x0000000709a00000| Untracked 
|  51|0x0000000709c00000, 0x0000000709c00000, 0x0000000709e00000|  0%| F|  |TAMS 0x0000000709c00000| PB 0x0000000709c00000| Untracked 
|  52|0x0000000709e00000, 0x0000000709e00000, 0x000000070a000000|  0%| F|  |TAMS 0x0000000709e00000| PB 0x0000000709e00000| Untracked 
|  53|0x000000070a000000, 0x000000070a000000, 0x000000070a200000|  0%| F|  |TAMS 0x000000070a000000| PB 0x000000070a000000| Untracked 
|  54|0x000000070a200000, 0x000000070a200000, 0x000000070a400000|  0%| F|  |TAMS 0x000000070a200000| PB 0x000000070a200000| Untracked 
|  55|0x000000070a400000, 0x000000070a400000, 0x000000070a600000|  0%| F|  |TAMS 0x000000070a400000| PB 0x000000070a400000| Untracked 
|  56|0x000000070a600000, 0x000000070a600000, 0x000000070a800000|  0%| F|  |TAMS 0x000000070a600000| PB 0x000000070a600000| Untracked 
|  57|0x000000070a800000, 0x000000070a800000, 0x000000070aa00000|  0%| F|  |TAMS 0x000000070a800000| PB 0x000000070a800000| Untracked 
|  58|0x000000070aa00000, 0x000000070aa00000, 0x000000070ac00000|  0%| F|  |TAMS 0x000000070aa00000| PB 0x000000070aa00000| Untracked 
|  59|0x000000070ac00000, 0x000000070ac00000, 0x000000070ae00000|  0%| F|  |TAMS 0x000000070ac00000| PB 0x000000070ac00000| Untracked 
|  60|0x000000070ae00000, 0x000000070ae00000, 0x000000070b000000|  0%| F|  |TAMS 0x000000070ae00000| PB 0x000000070ae00000| Untracked 
|  61|0x000000070b000000, 0x000000070b000000, 0x000000070b200000|  0%| F|  |TAMS 0x000000070b000000| PB 0x000000070b000000| Untracked 
|  62|0x000000070b200000, 0x000000070b200000, 0x000000070b400000|  0%| F|  |TAMS 0x000000070b200000| PB 0x000000070b200000| Untracked 
|  63|0x000000070b400000, 0x000000070b400000, 0x000000070b600000|  0%| F|  |TAMS 0x000000070b400000| PB 0x000000070b400000| Untracked 
|  64|0x000000070b600000, 0x000000070b600000, 0x000000070b800000|  0%| F|  |TAMS 0x000000070b600000| PB 0x000000070b600000| Untracked 
|  65|0x000000070b800000, 0x000000070b800000, 0x000000070ba00000|  0%| F|  |TAMS 0x000000070b800000| PB 0x000000070b800000| Untracked 
|  66|0x000000070ba00000, 0x000000070ba00000, 0x000000070bc00000|  0%| F|  |TAMS 0x000000070ba00000| PB 0x000000070ba00000| Untracked 
|  67|0x000000070bc00000, 0x000000070bc00000, 0x000000070be00000|  0%| F|  |TAMS 0x000000070bc00000| PB 0x000000070bc00000| Untracked 
|  68|0x000000070be00000, 0x000000070be00000, 0x000000070c000000|  0%| F|  |TAMS 0x000000070be00000| PB 0x000000070be00000| Untracked 
|  69|0x000000070c000000, 0x000000070c000000, 0x000000070c200000|  0%| F|  |TAMS 0x000000070c000000| PB 0x000000070c000000| Untracked 
|  70|0x000000070c200000, 0x000000070c200000, 0x000000070c400000|  0%| F|  |TAMS 0x000000070c200000| PB 0x000000070c200000| Untracked 
|  71|0x000000070c400000, 0x000000070c400000, 0x000000070c600000|  0%| F|  |TAMS 0x000000070c400000| PB 0x000000070c400000| Untracked 
|  72|0x000000070c600000, 0x000000070c600000, 0x000000070c800000|  0%| F|  |TAMS 0x000000070c600000| PB 0x000000070c600000| Untracked 
|  73|0x000000070c800000, 0x000000070c800000, 0x000000070ca00000|  0%| F|  |TAMS 0x000000070c800000| PB 0x000000070c800000| Untracked 
|  74|0x000000070ca00000, 0x000000070ca00000, 0x000000070cc00000|  0%| F|  |TAMS 0x000000070ca00000| PB 0x000000070ca00000| Untracked 
|  75|0x000000070cc00000, 0x000000070cc00000, 0x000000070ce00000|  0%| F|  |TAMS 0x000000070cc00000| PB 0x000000070cc00000| Untracked 
|  76|0x000000070ce00000, 0x000000070ce00000, 0x000000070d000000|  0%| F|  |TAMS 0x000000070ce00000| PB 0x000000070ce00000| Untracked 
|  77|0x000000070d000000, 0x000000070d000000, 0x000000070d200000|  0%| F|  |TAMS 0x000000070d000000| PB 0x000000070d000000| Untracked 
|  78|0x000000070d200000, 0x000000070d200000, 0x000000070d400000|  0%| F|  |TAMS 0x000000070d200000| PB 0x000000070d200000| Untracked 
|  79|0x000000070d400000, 0x000000070d400000, 0x000000070d600000|  0%| F|  |TAMS 0x000000070d400000| PB 0x000000070d400000| Untracked 
|  80|0x000000070d600000, 0x000000070d600000, 0x000000070d800000|  0%| F|  |TAMS 0x000000070d600000| PB 0x000000070d600000| Untracked 
|  81|0x000000070d800000, 0x000000070d800000, 0x000000070da00000|  0%| F|  |TAMS 0x000000070d800000| PB 0x000000070d800000| Untracked 
|  82|0x000000070da00000, 0x000000070da00000, 0x000000070dc00000|  0%| F|  |TAMS 0x000000070da00000| PB 0x000000070da00000| Untracked 
|  83|0x000000070dc00000, 0x000000070dc00000, 0x000000070de00000|  0%| F|  |TAMS 0x000000070dc00000| PB 0x000000070dc00000| Untracked 
|  84|0x000000070de00000, 0x000000070de00000, 0x000000070e000000|  0%| F|  |TAMS 0x000000070de00000| PB 0x000000070de00000| Untracked 
|  85|0x000000070e000000, 0x000000070e000000, 0x000000070e200000|  0%| F|  |TAMS 0x000000070e000000| PB 0x000000070e000000| Untracked 
|  86|0x000000070e200000, 0x000000070e200000, 0x000000070e400000|  0%| F|  |TAMS 0x000000070e200000| PB 0x000000070e200000| Untracked 
|  87|0x000000070e400000, 0x000000070e400000, 0x000000070e600000|  0%| F|  |TAMS 0x000000070e400000| PB 0x000000070e400000| Untracked 
|  88|0x000000070e600000, 0x000000070e600000, 0x000000070e800000|  0%| F|  |TAMS 0x000000070e600000| PB 0x000000070e600000| Untracked 
|  89|0x000000070e800000, 0x000000070e800000, 0x000000070ea00000|  0%| F|  |TAMS 0x000000070e800000| PB 0x000000070e800000| Untracked 
|  90|0x000000070ea00000, 0x000000070ea00000, 0x000000070ec00000|  0%| F|  |TAMS 0x000000070ea00000| PB 0x000000070ea00000| Untracked 
|  91|0x000000070ec00000, 0x000000070ec00000, 0x000000070ee00000|  0%| F|  |TAMS 0x000000070ec00000| PB 0x000000070ec00000| Untracked 
|  92|0x000000070ee00000, 0x000000070ee00000, 0x000000070f000000|  0%| F|  |TAMS 0x000000070ee00000| PB 0x000000070ee00000| Untracked 
|  93|0x000000070f000000, 0x000000070f000000, 0x000000070f200000|  0%| F|  |TAMS 0x000000070f000000| PB 0x000000070f000000| Untracked 
|  94|0x000000070f200000, 0x000000070f200000, 0x000000070f400000|  0%| F|  |TAMS 0x000000070f200000| PB 0x000000070f200000| Untracked 
|  95|0x000000070f400000, 0x000000070f400000, 0x000000070f600000|  0%| F|  |TAMS 0x000000070f400000| PB 0x000000070f400000| Untracked 
|  96|0x000000070f600000, 0x000000070f600000, 0x000000070f800000|  0%| F|  |TAMS 0x000000070f600000| PB 0x000000070f600000| Untracked 
|  97|0x000000070f800000, 0x000000070f800000, 0x000000070fa00000|  0%| F|  |TAMS 0x000000070f800000| PB 0x000000070f800000| Untracked 
|  98|0x000000070fa00000, 0x000000070fa00000, 0x000000070fc00000|  0%| F|  |TAMS 0x000000070fa00000| PB 0x000000070fa00000| Untracked 
|  99|0x000000070fc00000, 0x000000070fc00000, 0x000000070fe00000|  0%| F|  |TAMS 0x000000070fc00000| PB 0x000000070fc00000| Untracked 
| 100|0x000000070fe00000, 0x000000070fe00000, 0x0000000710000000|  0%| F|  |TAMS 0x000000070fe00000| PB 0x000000070fe00000| Untracked 
| 101|0x0000000710000000, 0x0000000710000000, 0x0000000710200000|  0%| F|  |TAMS 0x0000000710000000| PB 0x0000000710000000| Untracked 
| 102|0x0000000710200000, 0x0000000710200000, 0x0000000710400000|  0%| F|  |TAMS 0x0000000710200000| PB 0x0000000710200000| Untracked 
| 103|0x0000000710400000, 0x0000000710400000, 0x0000000710600000|  0%| F|  |TAMS 0x0000000710400000| PB 0x0000000710400000| Untracked 
| 104|0x0000000710600000, 0x0000000710600000, 0x0000000710800000|  0%| F|  |TAMS 0x0000000710600000| PB 0x0000000710600000| Untracked 
| 105|0x0000000710800000, 0x0000000710800000, 0x0000000710a00000|  0%| F|  |TAMS 0x0000000710800000| PB 0x0000000710800000| Untracked 
| 106|0x0000000710a00000, 0x0000000710a00000, 0x0000000710c00000|  0%| F|  |TAMS 0x0000000710a00000| PB 0x0000000710a00000| Untracked 
| 107|0x0000000710c00000, 0x0000000710c00000, 0x0000000710e00000|  0%| F|  |TAMS 0x0000000710c00000| PB 0x0000000710c00000| Untracked 
| 108|0x0000000710e00000, 0x0000000710e00000, 0x0000000711000000|  0%| F|  |TAMS 0x0000000710e00000| PB 0x0000000710e00000| Untracked 
| 109|0x0000000711000000, 0x0000000711000000, 0x0000000711200000|  0%| F|  |TAMS 0x0000000711000000| PB 0x0000000711000000| Untracked 
| 110|0x0000000711200000, 0x0000000711200000, 0x0000000711400000|  0%| F|  |TAMS 0x0000000711200000| PB 0x0000000711200000| Untracked 
| 111|0x0000000711400000, 0x0000000711400000, 0x0000000711600000|  0%| F|  |TAMS 0x0000000711400000| PB 0x0000000711400000| Untracked 
| 112|0x0000000711600000, 0x0000000711600000, 0x0000000711800000|  0%| F|  |TAMS 0x0000000711600000| PB 0x0000000711600000| Untracked 
| 113|0x0000000711800000, 0x0000000711800000, 0x0000000711a00000|  0%| F|  |TAMS 0x0000000711800000| PB 0x0000000711800000| Untracked 
| 114|0x0000000711a00000, 0x0000000711c00000, 0x0000000711c00000|100%| S|CS|TAMS 0x0000000711a00000| PB 0x0000000711a00000| Complete 
| 115|0x0000000711c00000, 0x0000000711e00000, 0x0000000711e00000|100%| S|CS|TAMS 0x0000000711c00000| PB 0x0000000711c00000| Complete 
| 116|0x0000000711e00000, 0x0000000711e00000, 0x0000000712000000|  0%| F|  |TAMS 0x0000000711e00000| PB 0x0000000711e00000| Untracked 
| 117|0x0000000712000000, 0x0000000712000000, 0x0000000712200000|  0%| F|  |TAMS 0x0000000712000000| PB 0x0000000712000000| Untracked 
| 118|0x0000000712200000, 0x0000000712200000, 0x0000000712400000|  0%| F|  |TAMS 0x0000000712200000| PB 0x0000000712200000| Untracked 
| 119|0x0000000712400000, 0x0000000712400000, 0x0000000712600000|  0%| F|  |TAMS 0x0000000712400000| PB 0x0000000712400000| Untracked 
| 120|0x0000000712600000, 0x0000000712600000, 0x0000000712800000|  0%| F|  |TAMS 0x0000000712600000| PB 0x0000000712600000| Untracked 
| 121|0x0000000712800000, 0x0000000712800000, 0x0000000712a00000|  0%| F|  |TAMS 0x0000000712800000| PB 0x0000000712800000| Untracked 
| 122|0x0000000712a00000, 0x0000000712be0780, 0x0000000712c00000| 93%| E|  |TAMS 0x0000000712a00000| PB 0x0000000712a00000| Complete 
| 123|0x0000000712c00000, 0x0000000712e00000, 0x0000000712e00000|100%| E|CS|TAMS 0x0000000712c00000| PB 0x0000000712c00000| Complete 
| 124|0x0000000712e00000, 0x0000000713000000, 0x0000000713000000|100%| E|CS|TAMS 0x0000000712e00000| PB 0x0000000712e00000| Complete 
| 125|0x0000000713000000, 0x0000000713200000, 0x0000000713200000|100%| E|  |TAMS 0x0000000713000000| PB 0x0000000713000000| Complete 
| 126|0x0000000713200000, 0x0000000713400000, 0x0000000713400000|100%| E|CS|TAMS 0x0000000713200000| PB 0x0000000713200000| Complete 

Card table byte_map: [0x0000024ce9b60000,0x0000024cea350000] _byte_map_base: 0x0000024ce6345000

Marking Bits: (CMBitMap*) 0x0000024cd1d825d0
 Bits: [0x0000024ceab40000, 0x0000024ceea68000)

Polling page: 0x0000024ccfec0000

Metaspace:

Usage:
  Non-class:      8.05 MB used.
      Class:      1.24 MB used.
       Both:      9.29 MB used.

Virtual space:
  Non-class space:       64.00 MB reserved,       8.25 MB ( 13%) committed,  1 nodes.
      Class space:        1.00 GB reserved,       1.38 MB ( <1%) committed,  1 nodes.
             Both:        1.06 GB reserved,       9.62 MB ( <1%) committed. 

Chunk freelists:
   Non-Class:  3.05 MB
       Class:  2.61 MB
        Both:  5.66 MB

MaxMetaspaceSize: unlimited
CompressedClassSpaceSize: 1.00 GB
Initial GC threshold: 21.00 MB
Current GC threshold: 21.00 MB
CDS: on
MetaspaceReclaimPolicy: balanced
 - commit_granule_bytes: 65536.
 - commit_granule_words: 8192.
 - virtual_space_node_default_size: 8388608.
 - enlarge_chunks_in_place: 1.
 - new_chunks_are_fully_committed: 0.
 - uncommit_free_chunks: 1.
 - use_allocation_guard: 0.


Internal statistics:

num_allocs_failed_limit: 0.
num_arena_births: 296.
num_arena_deaths: 0.
num_vsnodes_births: 2.
num_vsnodes_deaths: 0.
num_space_committed: 154.
num_space_uncommitted: 0.
num_chunks_returned_to_freelist: 0.
num_chunks_taken_from_freelist: 608.
num_chunk_merges: 0.
num_chunk_splits: 390.
num_chunks_enlarged: 241.
num_inconsistent_stats: 0.

CodeHeap 'non-profiled nmethods': size=120000Kb used=517Kb max_used=517Kb free=119482Kb
 bounds [0x0000024ce1b10000, 0x0000024ce1d80000, 0x0000024ce9040000]
CodeHeap 'profiled nmethods': size=120000Kb used=2650Kb max_used=2650Kb free=117349Kb
 bounds [0x0000024cda040000, 0x0000024cda2e0000, 0x0000024ce1570000]
CodeHeap 'non-nmethods': size=5760Kb used=1718Kb max_used=1734Kb free=4041Kb
 bounds [0x0000024ce1570000, 0x0000024ce17e0000, 0x0000024ce1b10000]
 total_blobs=2043 nmethods=1451 adapters=503
 compilation: enabled
              stopped_count=0, restarted_count=0
 full_count=0

Compilation events (20 events):
Event: 0.920 Thread 0x0000024cf14e7db0 1443       1       java.lang.Boolean::booleanValue (5 bytes)
Event: 0.920 Thread 0x0000024cf14e7db0 nmethod 1443 0x0000024ce1b90f10 code [0x0000024ce1b91080, 0x0000024ce1b91150]
Event: 0.921 Thread 0x0000024cf14e7db0 1444   !   3       java.lang.invoke.BoundMethodHandle$Species_L::copyWithExtendL (31 bytes)
Event: 0.921 Thread 0x0000024cf14e7db0 nmethod 1444 0x0000024cda2d1390 code [0x0000024cda2d15c0, 0x0000024cda2d20c0]
Event: 0.921 Thread 0x0000024cf14e7db0 1446       3       java.lang.PublicMethods$MethodList::filter (104 bytes)
Event: 0.922 Thread 0x0000024cf14e7db0 nmethod 1446 0x0000024cda2d2410 code [0x0000024cda2d2640, 0x0000024cda2d3088]
Event: 0.922 Thread 0x0000024cf14e7db0 1448       3       com.sun.org.apache.xerces.internal.impl.XMLEntityScanner::skipSpaces (362 bytes)
Event: 0.923 Thread 0x0000024cf14e7db0 nmethod 1448 0x0000024cda2d3510 code [0x0000024cda2d3780, 0x0000024cda2d4378]
Event: 0.923 Thread 0x0000024cf14e7db0 1447       3       java.lang.Class::privateGetDeclaredMethods (64 bytes)
Event: 0.924 Thread 0x0000024cf14e7db0 nmethod 1447 0x0000024cda2d4810 code [0x0000024cda2d4a20, 0x0000024cda2d5228]
Event: 0.924 Thread 0x0000024cf14e7db0 1449       3       java.lang.StringConcatHelper::mix (22 bytes)
Event: 0.924 Thread 0x0000024cf14e7db0 nmethod 1449 0x0000024cda2d5490 code [0x0000024cda2d5640, 0x0000024cda2d59a0]
Event: 0.924 Thread 0x0000024cf14e7db0 1450       3       java.lang.StringConcatHelper::prepend (22 bytes)
Event: 0.924 Thread 0x0000024cf14e7db0 nmethod 1450 0x0000024cda2d5b10 code [0x0000024cda2d5ca0, 0x0000024cda2d5e38]
Event: 0.924 Thread 0x0000024cf14e7db0 1445       3       com.sun.org.apache.xerces.internal.impl.XMLEntityScanner::peekChar (63 bytes)
Event: 0.925 Thread 0x0000024cf14e7db0 nmethod 1445 0x0000024cda2d5f10 code [0x0000024cda2d60c0, 0x0000024cda2d6368]
Event: 0.925 Thread 0x0000024cf14e7db0 1452       3       javafx.collections.ListChangeBuilder::checkState (18 bytes)
Event: 0.925 Thread 0x0000024cf14e7db0 nmethod 1452 0x0000024cda2d6490 code [0x0000024cda2d6620, 0x0000024cda2d6848]
Event: 0.925 Thread 0x0000024cf14e7db0 1451       1       java.util.Collections$1::hasNext (5 bytes)
Event: 0.925 Thread 0x0000024cf14e7db0 nmethod 1451 0x0000024ce1b91210 code [0x0000024ce1b91380, 0x0000024ce1b91450]

GC Heap History (2 events):
Event: 0.658 GC heap before
{Heap before GC invocations=0 (full 0):
 garbage-first heap   total 260096K, used 22528K [0x0000000703600000, 0x0000000800000000)
  region size 2048K, 11 young (22528K), 0 survivors (0K)
 Metaspace       used 6874K, committed 7104K, reserved 1114112K
  class space    used 803K, committed 896K, reserved 1048576K
}
Event: 0.663 GC heap after
{Heap after GC invocations=1 (full 0):
 garbage-first heap   total 260096K, used 4416K [0x0000000703600000, 0x0000000800000000)
  region size 2048K, 2 young (4096K), 2 survivors (4096K)
 Metaspace       used 6874K, committed 7104K, reserved 1114112K
  class space    used 803K, committed 896K, reserved 1048576K
}

Dll operation events (20 events):
Event: 0.309 Loaded shared library C:\Users\11\.openjfx\cache\21+31\amd64\api-ms-win-crt-heap-l1-1-0.dll
Event: 0.311 Loaded shared library C:\Users\11\.openjfx\cache\21+31\amd64\api-ms-win-crt-locale-l1-1-0.dll
Event: 0.314 Loaded shared library C:\Users\11\.openjfx\cache\21+31\amd64\api-ms-win-crt-math-l1-1-0.dll
Event: 0.317 Loaded shared library C:\Users\11\.openjfx\cache\21+31\amd64\api-ms-win-crt-multibyte-l1-1-0.dll
Event: 0.320 Loaded shared library C:\Users\11\.openjfx\cache\21+31\amd64\api-ms-win-crt-private-l1-1-0.dll
Event: 0.323 Loaded shared library C:\Users\11\.openjfx\cache\21+31\amd64\api-ms-win-crt-process-l1-1-0.dll
Event: 0.326 Loaded shared library C:\Users\11\.openjfx\cache\21+31\amd64\api-ms-win-crt-runtime-l1-1-0.dll
Event: 0.328 Loaded shared library C:\Users\11\.openjfx\cache\21+31\amd64\api-ms-win-crt-stdio-l1-1-0.dll
Event: 0.330 Loaded shared library C:\Users\11\.openjfx\cache\21+31\amd64\api-ms-win-crt-string-l1-1-0.dll
Event: 0.332 Loaded shared library C:\Users\11\.openjfx\cache\21+31\amd64\api-ms-win-crt-time-l1-1-0.dll
Event: 0.335 Loaded shared library C:\Users\11\.openjfx\cache\21+31\amd64\api-ms-win-crt-utility-l1-1-0.dll
Event: 0.348 Loaded shared library C:\Users\11\.openjfx\cache\21+31\amd64\ucrtbase.dll
Event: 0.351 Loaded shared library C:\Users\11\.openjfx\cache\21+31\amd64\vcruntime140.dll
Event: 0.354 Loaded shared library C:\Users\11\.openjfx\cache\21+31\amd64\vcruntime140_1.dll
Event: 0.361 Loaded shared library C:\Users\11\.openjfx\cache\21+31\amd64\msvcp140.dll
Event: 0.363 Loaded shared library C:\Users\11\.openjfx\cache\21+31\amd64\msvcp140_1.dll
Event: 0.367 Loaded shared library C:\Users\11\.openjfx\cache\21+31\amd64\msvcp140_2.dll
Event: 0.403 Loaded shared library C:\Users\11\.openjfx\cache\21+31\amd64\prism_d3d.dll
Event: 0.436 Loaded shared library C:\Users\11\.openjfx\cache\21+31\amd64\glass.dll
Event: 0.728 Loaded shared library C:\Users\11\.openjfx\cache\21+31\amd64\javafx_font.dll

Deoptimization events (20 events):
Event: 0.825 Thread 0x0000024cf14d82e0 Uncommon trap: trap_request=0xffffffc6 fr.pc=0x0000024ce1b4be40 relative=0x0000000000000300
Event: 0.825 Thread 0x0000024cf14d82e0 Uncommon trap: reason=bimorphic_or_optimized_type_check action=maybe_recompile pc=0x0000024ce1b4be40 method=java.util.concurrent.ConcurrentHashMap.get(Ljava/lang/Object;)Ljava/lang/Object; @ 149 c2
Event: 0.825 Thread 0x0000024cf14d82e0 DEOPT PACKING pc=0x0000024ce1b4be40 sp=0x00000070722fda60
Event: 0.825 Thread 0x0000024cf14d82e0 DEOPT UNPACKING pc=0x0000024ce158d2a2 sp=0x00000070722fd9d0 mode 2
Event: 0.825 Thread 0x0000024cf14d82e0 Uncommon trap: trap_request=0xffffffc6 fr.pc=0x0000024ce1b4be40 relative=0x0000000000000300
Event: 0.825 Thread 0x0000024cf14d82e0 Uncommon trap: reason=bimorphic_or_optimized_type_check action=maybe_recompile pc=0x0000024ce1b4be40 method=java.util.concurrent.ConcurrentHashMap.get(Ljava/lang/Object;)Ljava/lang/Object; @ 149 c2
Event: 0.825 Thread 0x0000024cf14d82e0 DEOPT PACKING pc=0x0000024ce1b4be40 sp=0x00000070722fda60
Event: 0.825 Thread 0x0000024cf14d82e0 DEOPT UNPACKING pc=0x0000024ce158d2a2 sp=0x00000070722fd9d0 mode 2
Event: 0.825 Thread 0x0000024cf14d82e0 Uncommon trap: trap_request=0xffffffc6 fr.pc=0x0000024ce1b4be40 relative=0x0000000000000300
Event: 0.825 Thread 0x0000024cf14d82e0 Uncommon trap: reason=bimorphic_or_optimized_type_check action=maybe_recompile pc=0x0000024ce1b4be40 method=java.util.concurrent.ConcurrentHashMap.get(Ljava/lang/Object;)Ljava/lang/Object; @ 149 c2
Event: 0.825 Thread 0x0000024cf14d82e0 DEOPT PACKING pc=0x0000024ce1b4be40 sp=0x00000070722fda60
Event: 0.825 Thread 0x0000024cf14d82e0 DEOPT UNPACKING pc=0x0000024ce158d2a2 sp=0x00000070722fd9d0 mode 2
Event: 0.862 Thread 0x0000024cf14d82e0 Uncommon trap: trap_request=0xffffffde fr.pc=0x0000024ce1b36c50 relative=0x0000000000000290
Event: 0.863 Thread 0x0000024cf14d82e0 Uncommon trap: reason=class_check action=maybe_recompile pc=0x0000024ce1b36c50 method=java.util.regex.Pattern$BmpCharPropertyGreedy.match(Ljava/util/regex/Matcher;ILjava/lang/CharSequence;)Z @ 26 c2
Event: 0.863 Thread 0x0000024cf14d82e0 DEOPT PACKING pc=0x0000024ce1b36c50 sp=0x00000070722fe110
Event: 0.863 Thread 0x0000024cf14d82e0 DEOPT UNPACKING pc=0x0000024ce158d2a2 sp=0x00000070722fe0c8 mode 2
Event: 0.863 Thread 0x0000024cf14d82e0 Uncommon trap: trap_request=0xffffffde fr.pc=0x0000024ce1b36c50 relative=0x0000000000000290
Event: 0.863 Thread 0x0000024cf14d82e0 Uncommon trap: reason=class_check action=maybe_recompile pc=0x0000024ce1b36c50 method=java.util.regex.Pattern$BmpCharPropertyGreedy.match(Ljava/util/regex/Matcher;ILjava/lang/CharSequence;)Z @ 26 c2
Event: 0.863 Thread 0x0000024cf14d82e0 DEOPT PACKING pc=0x0000024ce1b36c50 sp=0x00000070722fe110
Event: 0.863 Thread 0x0000024cf14d82e0 DEOPT UNPACKING pc=0x0000024ce158d2a2 sp=0x00000070722fe0c8 mode 2

Classes loaded (20 events):
Event: 0.827 Loading class sun/reflect/generics/repository/ClassRepository
Event: 0.827 Loading class sun/reflect/generics/repository/ClassRepository done
Event: 0.827 Loading class sun/reflect/generics/tree/ClassSignature
Event: 0.827 Loading class sun/reflect/generics/tree/ClassSignature done
Event: 0.827 Loading class sun/reflect/generics/tree/TypeVariableSignature
Event: 0.827 Loading class sun/reflect/generics/tree/TypeVariableSignature done
Event: 0.827 Loading class sun/reflect/generics/reflectiveObjects/TypeVariableImpl
Event: 0.827 Loading class sun/reflect/generics/reflectiveObjects/LazyReflectiveObjectGenerator
Event: 0.827 Loading class sun/reflect/generics/reflectiveObjects/LazyReflectiveObjectGenerator done
Event: 0.827 Loading class sun/reflect/generics/reflectiveObjects/TypeVariableImpl done
Event: 0.832 Loading class java/security/AllPermissionCollection
Event: 0.832 Loading class java/security/AllPermissionCollection done
Event: 0.835 Loading class java/math/BigDecimal
Event: 0.835 Loading class java/math/BigDecimal done
Event: 0.841 Loading class java/util/ConcurrentModificationException
Event: 0.841 Loading class java/util/ConcurrentModificationException done
Event: 0.856 Loading class com/sun/org/apache/xerces/internal/impl/io/MalformedByteSequenceException
Event: 0.856 Loading class java/io/CharConversionException
Event: 0.856 Loading class java/io/CharConversionException done
Event: 0.856 Loading class com/sun/org/apache/xerces/internal/impl/io/MalformedByteSequenceException done

Classes unloaded (0 events):
No events

Classes redefined (0 events):
No events

Internal exceptions (20 events):
Event: 0.624 Thread 0x0000024cf14d82e0 Exception <a 'java/lang/NoSuchMethodError'{0x0000000711e67e10}: 'java.lang.Object java.lang.invoke.DirectMethodHandle$Holder.invokeStaticInit(java.lang.Object, java.lang.Object, java.lang.Object, java.lang.Object)'> (0x0000000711e67e10) 
thrown [s\src\hotspot\share\interpreter\linkResolver.cpp, line 773]
Event: 0.626 Thread 0x0000024cf14d82e0 Exception <a 'java/lang/NullPointerException'{0x0000000711e72928}> (0x0000000711e72928) 
thrown [s\src\hotspot\share\interpreter\linkResolver.cpp, line 1373]
Event: 0.681 Thread 0x0000024cf14d82e0 Exception <a 'java/lang/NoSuchMethodError'{0x00000007132ebcc0}: 'double java.lang.invoke.DelegatingMethodHandle$Holder.reinvoke_L(java.lang.Object, java.lang.Object, int)'> (0x00000007132ebcc0) 
thrown [s\src\hotspot\share\interpreter\linkResolver.cpp, line 773]
Event: 0.682 Thread 0x0000024cf14d82e0 Exception <a 'java/lang/NoSuchMethodError'{0x00000007132fd700}: 'java.lang.Object java.lang.invoke.DirectMethodHandle$Holder.invokeStatic(java.lang.Object, java.lang.Object, java.lang.Object, java.lang.Object, int)'> (0x00000007132fd700) 
thrown [s\src\hotspot\share\interpreter\linkResolver.cpp, line 773]
Event: 0.683 Thread 0x0000024cf14d82e0 Exception <a 'java/lang/NoSuchMethodError'{0x0000000713308600}: 'java.lang.Object java.lang.invoke.DelegatingMethodHandle$Holder.reinvoke_L(java.lang.Object, double, double, double, double)'> (0x0000000713308600) 
thrown [s\src\hotspot\share\interpreter\linkResolver.cpp, line 773]
Event: 0.684 Thread 0x0000024cf14d82e0 Exception <a 'java/lang/NoSuchMethodError'{0x0000000713316da0}: 'java.lang.Object java.lang.invoke.DirectMethodHandle$Holder.invokeStatic(java.lang.Object, java.lang.Object, int)'> (0x0000000713316da0) 
thrown [s\src\hotspot\share\interpreter\linkResolver.cpp, line 773]
Event: 0.685 Thread 0x0000024cf14d82e0 Exception <a 'java/lang/NoSuchMethodError'{0x000000071331b1a8}: 'void java.lang.invoke.DirectMethodHandle$Holder.invokeStatic(java.lang.Object, java.lang.Object, int, java.lang.Object)'> (0x000000071331b1a8) 
thrown [s\src\hotspot\share\interpreter\linkResolver.cpp, line 773]
Event: 0.685 Thread 0x0000024cf14d82e0 Exception <a 'java/lang/NoSuchMethodError'{0x0000000713321c18}: 'void java.lang.invoke.DelegatingMethodHandle$Holder.delegate(java.lang.Object, java.lang.Object, int, java.lang.Object)'> (0x0000000713321c18) 
thrown [s\src\hotspot\share\interpreter\linkResolver.cpp, line 773]
Event: 0.686 Thread 0x0000024cf14d82e0 Exception <a 'java/lang/NoSuchMethodError'{0x0000000713325c80}: 'int java.lang.invoke.DirectMethodHandle$Holder.invokeSpecial(java.lang.Object, java.lang.Object, java.lang.Object)'> (0x0000000713325c80) 
thrown [s\src\hotspot\share\interpreter\linkResolver.cpp, line 773]
Event: 0.704 Thread 0x0000024cf14d82e0 Exception <a 'java/lang/NoSuchMethodError'{0x00000007133c1eb8}: 'java.lang.Object java.lang.invoke.DirectMethodHandle$Holder.invokeInterface(java.lang.Object, java.lang.Object)'> (0x00000007133c1eb8) 
thrown [s\src\hotspot\share\interpreter\linkResolver.cpp, line 773]
Event: 0.805 Thread 0x0000024cf14d82e0 Exception <a 'java/lang/NoSuchMethodError'{0x0000000712c93670}: 'void java.lang.invoke.DirectMethodHandle$Holder.invokeStaticInit(java.lang.Object, java.lang.Object)'> (0x0000000712c93670) 
thrown [s\src\hotspot\share\interpreter\linkResolver.cpp, line 773]
Event: 0.811 Thread 0x0000024cf14d82e0 Exception <a 'java/lang/NoSuchMethodError'{0x0000000712cc51b0}: 'void java.lang.invoke.DirectMethodHandle$Holder.invokeSpecial(java.lang.Object, java.lang.Object, java.lang.Object, java.lang.Object, java.lang.Object)'> (0x0000000712cc51b0) 
thrown [s\src\hotspot\share\interpreter\linkResolver.cpp, line 773]
Event: 0.826 Thread 0x0000024cf14d82e0 Exception <a 'java/lang/NoSuchMethodError'{0x0000000712d3d050}: 'void java.lang.invoke.Invokers$Holder.invokeExact_MT(java.lang.Object, java.lang.Object, java.lang.Object, java.lang.Object)'> (0x0000000712d3d050) 
thrown [s\src\hotspot\share\interpreter\linkResolver.cpp, line 773]
Event: 0.837 Thread 0x0000024cf14d82e0 Exception <a 'java/lang/NoSuchMethodError'{0x0000000712d8bab8}: 'java.lang.Object java.lang.invoke.Invokers$Holder.invokeExact_MT(java.lang.Object, java.lang.Object, java.lang.Object, java.lang.Object, java.lang.Object)'> (0x0000000712d8bab8) 
thrown [s\src\hotspot\share\interpreter\linkResolver.cpp, line 773]
Event: 0.838 Thread 0x0000024cf14d82e0 Exception <a 'java/lang/NoSuchMethodError'{0x0000000712d961a0}: 'void java.lang.invoke.DirectMethodHandle$Holder.invokeSpecial(java.lang.Object, java.lang.Object, int)'> (0x0000000712d961a0) 
thrown [s\src\hotspot\share\interpreter\linkResolver.cpp, line 773]
Event: 0.839 Thread 0x0000024cf14d82e0 Exception <a 'java/lang/NoSuchMethodError'{0x0000000712d9a3d8}: 'int java.lang.invoke.DirectMethodHandle$Holder.invokeSpecial(java.lang.Object, java.lang.Object, java.lang.Object, int)'> (0x0000000712d9a3d8) 
thrown [s\src\hotspot\share\interpreter\linkResolver.cpp, line 773]
Event: 0.840 Thread 0x0000024cf14d82e0 Exception <a 'java/lang/NoSuchMethodError'{0x0000000712da4528}: 'void java.lang.invoke.DelegatingMethodHandle$Holder.reinvoke_L(java.lang.Object, java.lang.Object, int)'> (0x0000000712da4528) 
thrown [s\src\hotspot\share\interpreter\linkResolver.cpp, line 773]
Event: 0.851 Thread 0x0000024cf14d82e0 Exception <a 'java/lang/NoSuchMethodError'{0x0000000712dea930}: 'void java.lang.invoke.DirectMethodHandle$Holder.invokeSpecial(java.lang.Object, java.lang.Object, double)'> (0x0000000712dea930) 
thrown [s\src\hotspot\share\interpreter\linkResolver.cpp, line 773]
Event: 0.851 Thread 0x0000024cf14d82e0 Exception <a 'java/lang/NoSuchMethodError'{0x0000000712df1848}: 'void java.lang.invoke.DelegatingMethodHandle$Holder.reinvoke_L(java.lang.Object, java.lang.Object, double)'> (0x0000000712df1848) 
thrown [s\src\hotspot\share\interpreter\linkResolver.cpp, line 773]
Event: 0.858 Thread 0x0000024cf14d82e0 Exception <a 'java/lang/NoSuchMethodError'{0x0000000712a209b0}: 'java.lang.Object java.lang.invoke.Invokers$Holder.invokeExact_MT(java.lang.Object, java.lang.Object, java.lang.Object, java.lang.Object, java.lang.Object, java.lang.Object)'> (0x0000000712a209b0) 
thrown [s\src\hotspot\share\interpreter\linkResolver.cpp, line 773]

VM Operations (14 events):
Event: 0.063 Executing VM operation: HandshakeAllThreads
Event: 0.063 Executing VM operation: HandshakeAllThreads done
Event: 0.193 Executing VM operation: HandshakeAllThreads
Event: 0.193 Executing VM operation: HandshakeAllThreads done
Event: 0.211 Executing VM operation: HandshakeAllThreads
Event: 0.211 Executing VM operation: HandshakeAllThreads done
Event: 0.430 Executing VM operation: HandshakeAllThreads
Event: 0.430 Executing VM operation: HandshakeAllThreads done
Event: 0.658 Executing VM operation: G1CollectForAllocation
Event: 0.663 Executing VM operation: G1CollectForAllocation done
Event: 0.680 Executing VM operation: HandshakeAllThreads
Event: 0.680 Executing VM operation: HandshakeAllThreads done
Event: 0.684 Executing VM operation: HandshakeAllThreads
Event: 0.684 Executing VM operation: HandshakeAllThreads done

Events (18 events):
Event: 0.022 Thread 0x0000024cd1d11650 Thread added: 0x0000024cd1d11650
Event: 0.031 Thread 0x0000024cf14cb2a0 Thread added: 0x0000024cf14cb2a0
Event: 0.031 Thread 0x0000024cf14cdc00 Thread added: 0x0000024cf14cdc00
Event: 0.031 Thread 0x0000024cf14ce740 Thread added: 0x0000024cf14ce740
Event: 0.031 Thread 0x0000024cf14cf040 Thread added: 0x0000024cf14cf040
Event: 0.031 Thread 0x0000024cf14d15a0 Thread added: 0x0000024cf14d15a0
Event: 0.031 Thread 0x0000024cf14d8830 Thread added: 0x0000024cf14d8830
Event: 0.031 Thread 0x0000024cf14e55b0 Thread added: 0x0000024cf14e55b0
Event: 0.031 Thread 0x0000024cf14e7db0 Thread added: 0x0000024cf14e7db0
Event: 0.048 Thread 0x0000024cf14d5db0 Thread added: 0x0000024cf14d5db0
Event: 0.049 Thread 0x0000024cf14d7840 Thread added: 0x0000024cf14d7840
Event: 0.085 Thread 0x0000024cf14d92d0 Thread added: 0x0000024cf14d92d0
Event: 0.096 Thread 0x0000024cf5a412b0 Thread added: 0x0000024cf5a412b0
Event: 0.154 Thread 0x0000024cf5ba6310 Thread added: 0x0000024cf5ba6310
Event: 0.395 Thread 0x0000024cf14d6850 Thread added: 0x0000024cf14d6850
Event: 0.438 Thread 0x0000024cf14d6da0 Thread added: 0x0000024cf14d6da0
Event: 0.441 Thread 0x0000024cf14d82e0 Thread added: 0x0000024cf14d82e0
Event: 0.531 Thread 0x0000024cf14d7d90 Thread added: 0x0000024cf14d7d90


Dynamic libraries:
0x00007ff718240000 - 0x00007ff71824e000 	C:\Users\11\.jdks\corretto-20.0.2.1\bin\java.exe
0x00007ffc48040000 - 0x00007ffc482a7000 	C:\WINDOWS\SYSTEM32\ntdll.dll
0x00007ffc46f00000 - 0x00007ffc46fc9000 	C:\WINDOWS\System32\KERNEL32.DLL
0x00007ffc45440000 - 0x00007ffc45834000 	C:\WINDOWS\System32\KERNELBASE.dll
0x00007ffc452f0000 - 0x00007ffc4543b000 	C:\WINDOWS\System32\ucrtbase.dll
0x00007ffbd2e50000 - 0x00007ffbd2e67000 	C:\Users\11\.jdks\corretto-20.0.2.1\bin\jli.dll
0x00007ffbd2e30000 - 0x00007ffbd2e4b000 	C:\Users\11\.jdks\corretto-20.0.2.1\bin\VCRUNTIME140.dll
0x00007ffc45de0000 - 0x00007ffc45fa5000 	C:\WINDOWS\System32\USER32.dll
0x00007ffc45c30000 - 0x00007ffc45c57000 	C:\WINDOWS\System32\win32u.dll
0x00007ffc2d120000 - 0x00007ffc2d3b3000 	C:\WINDOWS\WinSxS\amd64_microsoft.windows.common-controls_6595b64144ccf1df_6.0.26100.8115_none_3e075c82e3354f9c\COMCTL32.dll
0x00007ffc47e20000 - 0x00007ffc47e4b000 	C:\WINDOWS\System32\GDI32.dll
0x00007ffc47160000 - 0x00007ffc47209000 	C:\WINDOWS\System32\msvcrt.dll
0x00007ffc45a70000 - 0x00007ffc45b9b000 	C:\WINDOWS\System32\gdi32full.dll
0x00007ffc459c0000 - 0x00007ffc45a63000 	C:\WINDOWS\System32\msvcp_win.dll
0x00007ffc461f0000 - 0x00007ffc46222000 	C:\WINDOWS\System32\IMM32.DLL
0x00007ffbd9a00000 - 0x00007ffbd9a0c000 	C:\Users\11\.jdks\corretto-20.0.2.1\bin\vcruntime140_1.dll
0x00007ffbcb710000 - 0x00007ffbcb79e000 	C:\Users\11\.jdks\corretto-20.0.2.1\bin\msvcp140.dll
0x00007ffaf9130000 - 0x00007ffaf9e34000 	C:\Users\11\.jdks\corretto-20.0.2.1\bin\server\jvm.dll
0x00007ffc46ca0000 - 0x00007ffc46d56000 	C:\WINDOWS\System32\ADVAPI32.dll
0x00007ffc45fb0000 - 0x00007ffc46057000 	C:\WINDOWS\System32\sechost.dll
0x00007ffc47d00000 - 0x00007ffc47e18000 	C:\WINDOWS\System32\RPCRT4.dll
0x00007ffc3d340000 - 0x00007ffc3d34a000 	C:\WINDOWS\SYSTEM32\WSOCK32.dll
0x00007ffc2ba80000 - 0x00007ffc2bab6000 	C:\WINDOWS\SYSTEM32\WINMM.dll
0x00007ffc47ee0000 - 0x00007ffc47f60000 	C:\WINDOWS\System32\WS2_32.dll
0x00007ffc35180000 - 0x00007ffc3518b000 	C:\WINDOWS\SYSTEM32\VERSION.dll
0x00007ffc435c0000 - 0x00007ffc435db000 	C:\WINDOWS\SYSTEM32\kernel.appcore.dll
0x00007ffbd9910000 - 0x00007ffbd991a000 	C:\Users\11\.jdks\corretto-20.0.2.1\bin\jimage.dll
0x00007ffc42340000 - 0x00007ffc42582000 	C:\WINDOWS\SYSTEM32\DBGHELP.DLL
0x00007ffc47240000 - 0x00007ffc475c2000 	C:\WINDOWS\System32\combase.dll
0x00007ffc46bc0000 - 0x00007ffc46c98000 	C:\WINDOWS\System32\OLEAUT32.dll
0x00007ffc28110000 - 0x00007ffc2814b000 	C:\WINDOWS\SYSTEM32\dbgcore.DLL
0x00007ffc44910000 - 0x00007ffc449b5000 	C:\WINDOWS\System32\bcryptPrimitives.dll
0x00007ffbc48a0000 - 0x00007ffbc48c6000 	C:\Users\11\.jdks\corretto-20.0.2.1\bin\java.dll
0x00007ffbabc50000 - 0x00007ffbabd27000 	C:\Users\11\.jdks\corretto-20.0.2.1\bin\jsvml.dll
0x00007ffc46390000 - 0x00007ffc46af7000 	C:\WINDOWS\System32\SHELL32.dll
0x00007ffc45c60000 - 0x00007ffc45dca000 	C:\WINDOWS\System32\wintypes.dll
0x00007ffc449c0000 - 0x00007ffc45228000 	C:\WINDOWS\System32\windows.storage.dll
0x00007ffc47060000 - 0x00007ffc47158000 	C:\WINDOWS\System32\SHCORE.dll
0x00007ffc46fd0000 - 0x00007ffc47036000 	C:\WINDOWS\System32\shlwapi.dll
0x00007ffc44830000 - 0x00007ffc44859000 	C:\WINDOWS\SYSTEM32\profapi.dll
0x00007ffbc4860000 - 0x00007ffbc4873000 	C:\Users\11\.jdks\corretto-20.0.2.1\bin\net.dll
0x00007ffc34dc0000 - 0x00007ffc34eed000 	C:\WINDOWS\SYSTEM32\WINHTTP.dll
0x00007ffc43bb0000 - 0x00007ffc43c1c000 	C:\WINDOWS\system32\mswsock.dll
0x00007ffbc4840000 - 0x00007ffbc4856000 	C:\Users\11\.jdks\corretto-20.0.2.1\bin\nio.dll
0x00007ffbc4880000 - 0x00007ffbc4898000 	C:\Users\11\.jdks\corretto-20.0.2.1\bin\zip.dll
0x0000024cd1c90000 - 0x0000024cd1c93000 	C:\Users\11\.openjfx\cache\21+31\amd64\api-ms-win-core-console-l1-1-0.dll
0x0000024cd1ca0000 - 0x0000024cd1ca3000 	C:\Users\11\.openjfx\cache\21+31\amd64\api-ms-win-core-console-l1-2-0.dll
0x0000024cd1cb0000 - 0x0000024cd1cb3000 	C:\Users\11\.openjfx\cache\21+31\amd64\api-ms-win-core-datetime-l1-1-0.dll
0x0000024cd1cc0000 - 0x0000024cd1cc3000 	C:\Users\11\.openjfx\cache\21+31\amd64\api-ms-win-core-debug-l1-1-0.dll
0x0000024cf1610000 - 0x0000024cf1613000 	C:\Users\11\.openjfx\cache\21+31\amd64\api-ms-win-core-errorhandling-l1-1-0.dll
0x0000024cf1620000 - 0x0000024cf1624000 	C:\Users\11\.openjfx\cache\21+31\amd64\api-ms-win-core-file-l1-1-0.dll
0x0000024cf1630000 - 0x0000024cf1633000 	C:\Users\11\.openjfx\cache\21+31\amd64\api-ms-win-core-file-l1-2-0.dll
0x0000024cf1640000 - 0x0000024cf1643000 	C:\Users\11\.openjfx\cache\21+31\amd64\api-ms-win-core-file-l2-1-0.dll
0x0000024cf1650000 - 0x0000024cf1653000 	C:\Users\11\.openjfx\cache\21+31\amd64\api-ms-win-core-handle-l1-1-0.dll
0x0000024cf1660000 - 0x0000024cf1663000 	C:\Users\11\.openjfx\cache\21+31\amd64\api-ms-win-core-heap-l1-1-0.dll
0x0000024cf1670000 - 0x0000024cf1673000 	C:\Users\11\.openjfx\cache\21+31\amd64\api-ms-win-core-interlocked-l1-1-0.dll
0x0000024cf1680000 - 0x0000024cf1683000 	C:\Users\11\.openjfx\cache\21+31\amd64\api-ms-win-core-libraryloader-l1-1-0.dll
0x0000024cf1690000 - 0x0000024cf1693000 	C:\Users\11\.openjfx\cache\21+31\amd64\api-ms-win-core-localization-l1-2-0.dll
0x0000024cf16a0000 - 0x0000024cf16a3000 	C:\Users\11\.openjfx\cache\21+31\amd64\api-ms-win-core-memory-l1-1-0.dll
0x0000024cf16b0000 - 0x0000024cf16b3000 	C:\Users\11\.openjfx\cache\21+31\amd64\api-ms-win-core-namedpipe-l1-1-0.dll
0x0000024cf16c0000 - 0x0000024cf16c3000 	C:\Users\11\.openjfx\cache\21+31\amd64\api-ms-win-core-processenvironment-l1-1-0.dll
0x0000024cf16d0000 - 0x0000024cf16d3000 	C:\Users\11\.openjfx\cache\21+31\amd64\api-ms-win-core-processthreads-l1-1-0.dll
0x0000024cf16e0000 - 0x0000024cf16e3000 	C:\Users\11\.openjfx\cache\21+31\amd64\api-ms-win-core-processthreads-l1-1-1.dll
0x0000024cf16f0000 - 0x0000024cf16f3000 	C:\Users\11\.openjfx\cache\21+31\amd64\api-ms-win-core-profile-l1-1-0.dll
0x0000024cf1700000 - 0x0000024cf1703000 	C:\Users\11\.openjfx\cache\21+31\amd64\api-ms-win-core-rtlsupport-l1-1-0.dll
0x0000024cf1710000 - 0x0000024cf1713000 	C:\Users\11\.openjfx\cache\21+31\amd64\api-ms-win-core-string-l1-1-0.dll
0x0000024cf1720000 - 0x0000024cf1723000 	C:\Users\11\.openjfx\cache\21+31\amd64\api-ms-win-core-synch-l1-1-0.dll
0x0000024cf1730000 - 0x0000024cf1733000 	C:\Users\11\.openjfx\cache\21+31\amd64\api-ms-win-core-synch-l1-2-0.dll
0x0000024cf1740000 - 0x0000024cf1743000 	C:\Users\11\.openjfx\cache\21+31\amd64\api-ms-win-core-sysinfo-l1-1-0.dll
0x0000024cf1750000 - 0x0000024cf1753000 	C:\Users\11\.openjfx\cache\21+31\amd64\api-ms-win-core-timezone-l1-1-0.dll
0x0000024cf1760000 - 0x0000024cf1763000 	C:\Users\11\.openjfx\cache\21+31\amd64\api-ms-win-core-util-l1-1-0.dll
0x0000024cf1770000 - 0x0000024cf1773000 	C:\Users\11\.openjfx\cache\21+31\amd64\api-ms-win-crt-conio-l1-1-0.dll
0x0000024cf1780000 - 0x0000024cf1784000 	C:\Users\11\.openjfx\cache\21+31\amd64\api-ms-win-crt-convert-l1-1-0.dll
0x0000024cf1790000 - 0x0000024cf1793000 	C:\Users\11\.openjfx\cache\21+31\amd64\api-ms-win-crt-environment-l1-1-0.dll
0x0000024cf17a0000 - 0x0000024cf17a3000 	C:\Users\11\.openjfx\cache\21+31\amd64\api-ms-win-crt-filesystem-l1-1-0.dll
0x0000024cf17b0000 - 0x0000024cf17b3000 	C:\Users\11\.openjfx\cache\21+31\amd64\api-ms-win-crt-heap-l1-1-0.dll
0x0000024cf17c0000 - 0x0000024cf17c3000 	C:\Users\11\.openjfx\cache\21+31\amd64\api-ms-win-crt-locale-l1-1-0.dll
0x0000024cf17d0000 - 0x0000024cf17d5000 	C:\Users\11\.openjfx\cache\21+31\amd64\api-ms-win-crt-math-l1-1-0.dll
0x0000024cf17e0000 - 0x0000024cf17e5000 	C:\Users\11\.openjfx\cache\21+31\amd64\api-ms-win-crt-multibyte-l1-1-0.dll
0x0000024cf17f0000 - 0x0000024cf1800000 	C:\Users\11\.openjfx\cache\21+31\amd64\api-ms-win-crt-private-l1-1-0.dll
0x0000024cf6400000 - 0x0000024cf6403000 	C:\Users\11\.openjfx\cache\21+31\amd64\api-ms-win-crt-process-l1-1-0.dll
0x0000024cf6410000 - 0x0000024cf6414000 	C:\Users\11\.openjfx\cache\21+31\amd64\api-ms-win-crt-runtime-l1-1-0.dll
0x0000024cf6420000 - 0x0000024cf6424000 	C:\Users\11\.openjfx\cache\21+31\amd64\api-ms-win-crt-stdio-l1-1-0.dll
0x0000024cf6430000 - 0x0000024cf6434000 	C:\Users\11\.openjfx\cache\21+31\amd64\api-ms-win-crt-string-l1-1-0.dll
0x0000024cf6440000 - 0x0000024cf6443000 	C:\Users\11\.openjfx\cache\21+31\amd64\api-ms-win-crt-time-l1-1-0.dll
0x0000024cf6450000 - 0x0000024cf6453000 	C:\Users\11\.openjfx\cache\21+31\amd64\api-ms-win-crt-utility-l1-1-0.dll
0x00007ffba67d0000 - 0x00007ffba68cc000 	C:\Users\11\.openjfx\cache\21+31\amd64\ucrtbase.dll
0x00007ffbddcd0000 - 0x00007ffbddceb000 	C:\Users\11\.openjfx\cache\21+31\amd64\vcruntime140.dll
0x00007ffbdc110000 - 0x00007ffbdc11c000 	C:\Users\11\.openjfx\cache\21+31\amd64\vcruntime140_1.dll
0x00007ffba69f0000 - 0x00007ffba6a7e000 	C:\Users\11\.openjfx\cache\21+31\amd64\msvcp140.dll
0x00007ffc46d60000 - 0x00007ffc46ef7000 	C:\WINDOWS\System32\ole32.dll
0x00007ffbcb7e0000 - 0x00007ffbcb7e9000 	C:\Users\11\.openjfx\cache\21+31\amd64\msvcp140_1.dll
0x00007ffbbb910000 - 0x00007ffbbb93f000 	C:\Users\11\.openjfx\cache\21+31\amd64\msvcp140_2.dll
0x00007ffbbb780000 - 0x00007ffbbb7af000 	C:\Users\11\.openjfx\cache\21+31\amd64\prism_d3d.dll
0x00007ffbc30c0000 - 0x00007ffbc3272000 	C:\WINDOWS\system32\d3d9.dll
0x00007ffc41570000 - 0x00007ffc4159f000 	C:\WINDOWS\SYSTEM32\dwmapi.dll
0x00007ffc415e0000 - 0x00007ffc41623000 	C:\WINDOWS\SYSTEM32\dxcore.dll
0x00007ffc41450000 - 0x00007ffc414f9000 	C:\WINDOWS\system32\uxtheme.dll
0x00007ffba4d20000 - 0x00007ffba4ec8000 	C:\WINDOWS\System32\DriverStore\FileRepository\iigd_dch.inf_amd64_38b23bd92a6775fe\igdumdim64.dll
0x00007ffb72ce0000 - 0x00007ffb768ff000 	C:\WINDOWS\System32\DriverStore\FileRepository\iigd_dch.inf_amd64_38b23bd92a6775fe\igd9dxva64.dll
0x00007ffc475e0000 - 0x00007ffc47a67000 	C:\WINDOWS\System32\SETUPAPI.dll
0x00007ffc44480000 - 0x00007ffc444d1000 	C:\WINDOWS\SYSTEM32\cfgmgr32.dll
0x00007ffc39e60000 - 0x00007ffc3a228000 	C:\WINDOWS\System32\DriverStore\FileRepository\iigd_dch.inf_amd64_38b23bd92a6775fe\igdgmm64.dll
0x00007ffc3d260000 - 0x00007ffc3d2c1000 	C:\WINDOWS\SYSTEM32\directxdatabasehelper.dll
0x00007ffbac570000 - 0x00007ffbac5b2000 	C:\Users\11\.openjfx\cache\21+31\amd64\glass.dll
0x00007ffc460f0000 - 0x00007ffc461df000 	C:\WINDOWS\System32\COMDLG32.dll
0x00007ffc46230000 - 0x00007ffc4638c000 	C:\WINDOWS\System32\MSCTF.dll
0x00007ffc3fb80000 - 0x00007ffc3fba7000 	C:\WINDOWS\System32\DriverStore\FileRepository\iigd_dch.inf_amd64_38b23bd92a6775fe\igdinfo64.dll
0x00007ffc36870000 - 0x00007ffc39e56000 	C:\WINDOWS\System32\DriverStore\FileRepository\iigd_dch.inf_amd64_38b23bd92a6775fe\igc64.dll
0x00007ffbcb7a0000 - 0x00007ffbcb7b4000 	C:\Users\11\.openjfx\cache\21+31\amd64\javafx_font.dll

dbghelp: loaded successfully - version: 4.0.5 - missing functions: none
symbol engine: initialized successfully - sym options: 0x614 - pdb path: .;C:\Users\11\.jdks\corretto-20.0.2.1\bin;C:\WINDOWS\SYSTEM32;C:\WINDOWS\WinSxS\amd64_microsoft.windows.common-controls_6595b64144ccf1df_6.0.26100.8115_none_3e075c82e3354f9c;C:\Users\11\.jdks\corretto-20.0.2.1\bin\server;C:\Users\11\.openjfx\cache\21+31\amd64;C:\WINDOWS\System32\DriverStore\FileRepository\iigd_dch.inf_amd64_38b23bd92a6775fe

VM Arguments:
jvm_args: -Dfile.encoding=UTF-8 -Duser.country -Duser.language=en -Duser.variant 
java_command: minishop.client.Launcher
java_class_path (initial): D:\iss-project\MiniShop\MiniShopClient\build\classes\java\main;D:\iss-project\MiniShop\MiniShopClient\build\resources\main;D:\iss-project\MiniShop\MiniShopNetworking\build\libs\MiniShopNetworking-1.0-SNAPSHOT.jar;D:\iss-project\MiniShop\MiniShopServices\build\libs\MiniShopServices-1.0-SNAPSHOT.jar;D:\iss-project\MiniShop\MiniShopModel\build\libs\MiniShopModel-1.0-SNAPSHOT.jar;C:\Users\11\.gradle\caches\modules-2\files-2.1\org.openjfx\javafx-fxml\21\4a1cd270e1ae03ae73110eb68622afd457c6f903\javafx-fxml-21-win.jar;C:\Users\11\.gradle\caches\modules-2\files-2.1\org.openjfx\javafx-controls\21\76e295d84578a3d9688e092aae3f2ff1cf3e83a9\javafx-controls-21-win.jar;C:\Users\11\.gradle\caches\modules-2\files-2.1\jakarta.persistence\jakarta.persistence-api\3.1.0\66901fa1c373c6aff65c13791cc11da72060a8d6\jakarta.persistence-api-3.1.0.jar;C:\Users\11\.gradle\caches\modules-2\files-2.1\com.fasterxml.jackson.core\jackson-annotations\2.17.0\880a742337010da4c851f843d8cac150e22dff9f\jackson-annotations-2.17.0.jar;C:\Users\11\.gradle\caches\modules-2\files-2.1\com.fasterxml.jackson.core\jackson-core\2.17.0\a6e5058ef9720623c517252d17162f845306ff3a\jackson-core-2.17.0.jar;C:\Users\11\.gradle\caches\modules-2\files-2.1\com.fasterxml.jackson.core\jackson-databind\2.17.0\7173e9e1d4bc6d7ca03bc4eeedcd548b8b580b34\jackson-databind-2.17.0.jar;C:\Users\11\.gradle\caches\modules-2\files-2.1\org.openjfx\javafx-graphics\21\8083d97ea236079c82cf8e3463b62990340346d4\javafx-graphics-21-win.jar;C:\Users\11\.gradle\caches\modules-2\files-2.1\net.bytebuddy\byte-buddy\1.14.9\b69e7fff6c473d3ed2b489cdfd673a091fd94226\byte-buddy-1.14.9.jar;C:\Users\11\.gradle\caches\modules-2\files-2.1\org.openjfx\javafx-base\21\a7e334fbb619859e1010cad06ddcf16e774c87a0\javafx-base-21-win.jar
Launcher Type: SUN_STANDARD

[Global flags]
     intx CICompilerCount                          = 4                                         {product} {ergonomic}
     uint ConcGCThreads                            = 2                                         {product} {ergonomic}
     uint G1ConcRefinementThreads                  = 8                                         {product} {ergonomic}
   size_t G1HeapRegionSize                         = 2097152                                   {product} {ergonomic}
    uintx GCDrainStackTargetSize                   = 64                                        {product} {ergonomic}
   size_t InitialHeapSize                          = 266338304                                 {product} {ergonomic}
   size_t MarkStackSize                            = 4194304                                   {product} {ergonomic}
   size_t MaxHeapSize                              = 4238344192                                {product} {ergonomic}
   size_t MaxNewSize                               = 2541748224                                {product} {ergonomic}
   size_t MinHeapDeltaBytes                        = 2097152                                   {product} {ergonomic}
   size_t MinHeapSize                              = 8388608                                   {product} {ergonomic}
    uintx NonNMethodCodeHeapSize                   = 5839372                                {pd product} {ergonomic}
    uintx NonProfiledCodeHeapSize                  = 122909434                              {pd product} {ergonomic}
    uintx ProfiledCodeHeapSize                     = 122909434                              {pd product} {ergonomic}
    uintx ReservedCodeCacheSize                    = 251658240                              {pd product} {ergonomic}
     bool SegmentedCodeCache                       = true                                      {product} {ergonomic}
   size_t SoftMaxHeapSize                          = 4238344192                             {manageable} {ergonomic}
     bool UseCompressedClassPointers               = true                           {product lp64_product} {ergonomic}
     bool UseCompressedOops                        = true                           {product lp64_product} {ergonomic}
     bool UseG1GC                                  = true                                      {product} {ergonomic}
     bool UseLargePagesIndividualAllocation        = false                                  {pd product} {ergonomic}

Logging:
Log output configuration:
 #0: stdout all=warning uptime,level,tags foldmultilines=false
 #1: stderr all=off uptime,level,tags foldmultilines=false

Environment Variables:
PATH=C:\Program Files (x86)\Common Files\Oracle\Java\java8path;C:\Program Files (x86)\Common Files\Oracle\Java\javapath;C:\msys64\mingw64\bin;D:\python\;C:\oraclexe\app\oracle\product\10.2.0\server\bin;C:\WINDOWS\system32;C:\WINDOWS;C:\WINDOWS\System32\Wbem;C:\WINDOWS\System32\WindowsPowerShell\v1.0\;C:\WINDOWS\System32\OpenSSH\;C:\Program Files\Microsoft SQL Server\150\Tools\Binn\;C:\Program Files\Microsoft SQL Server\Client SDK\ODBC\170\Tools\Binn\;C:\Program Files (x86)\Windows Kits\10\Windows Performance Toolkit\;C:\Program Files\PuTTY\;C:\Program Files\dotnet\;C:\Users\11\AppData\Local\nvm;C:\nvm4w\nodejs;C:\Program Files\Git\cmd;C:\Program Files\nodejs\;C:\ProgramData\chocolatey\bin;C:\Program Files (x86)\Microsoft SQL Server\160\Tools\Binn\;C:\Program Files\Microsoft SQL Server\160\Tools\Binn\;C:\Program Files\Microsoft SQL Server\160\DTS\Binn\;C:\Program Files\Docker\Docker\resources\bin;C:\Program Files\MySQL\MySQL Shell 8.0\bin\;C:\Users\11\AppData\Local\Programs\Python\Python312\Scripts\;C:\Users\11\AppData\Local\Programs\Python\Python312\;D:\python\Scripts\;D:\python\;C:\Users\11\AppData\Local\Programs\Python\Launcher\;C:\Users\11\AppData\Local\Programs\Python\Python313\Scripts\;C:\Users\11\AppData\Local\Programs\Python\Python313\;C:\Users\11\AppData\Local\Microsoft\WindowsApps;D:\PyCharm 2024.2.3\bin;;C:\Users\11\AppData\Local\Microsoft\WindowsApps;C:\Users\11\.dotnet\tools;D:\vs code\Microsoft VS Code\bin;C:\Users\11\AppData\Local\nvm;C:\nvm4w\nodejs;D:\java jetbrains\IntelliJ IDEA 2025.2\bin;C:\Users\11\AppData\Local\GitHubDesktop\bin;C:\Users\11\AppData\Roaming\npm
USERNAME=11
OS=Windows_NT
PROCESSOR_IDENTIFIER=Intel64 Family 6 Model 140 Stepping 1, GenuineIntel
TMP=C:\Users\11\AppData\Local\Temp
TEMP=C:\Users\11\AppData\Local\Temp




---------------  S Y S T E M  ---------------

OS:
 Windows 11 , 64 bit Build 26100 (10.0.26100.8246)
OS uptime: 15 days 23:53 hours
Hyper-V role detected

CPU: total 8 (initial active 8) (4 cores per cpu, 2 threads per core) family 6 model 140 stepping 1 microcode 0x8a, cx8, cmov, fxsr, ht, mmx, 3dnowpref, sse, sse2, sse3, ssse3, sse4.1, sse4.2, popcnt, lzcnt, tsc, tscinvbit, avx, avx2, aes, erms, clmul, bmi1, bmi2, adx, avx512f, avx512dq, avx512cd, avx512bw, avx512vl, sha, fma, vzeroupper, avx512_vpopcntdq, avx512_vpclmulqdq, avx512_vaes, avx512_vnni, clflush, clflushopt, clwb, avx512_vbmi2, avx512_vbmi, hv, rdtscp, rdpid, fsrm, gfni, avx512_bitalg, f16c, cet_ibt, cet_ss, avx512_ifma

Memory: 4k page, system-wide physical 16163M (1680M free)
TotalPageFile size 24765M (AvailPageFile size 3M)
current process WorkingSet (physical memory assigned to process): 133M, peak: 134M
current process commit charge ("private bytes"): 401M, peak: 403M

vm_info: OpenJDK 64-Bit Server VM (20.0.2.1+10-FR) for windows-amd64 JRE (20.0.2.1+10-FR), built on 2023-08-19T09:18:31Z by "Administrator" with unknown MS VC++:1937

END.
